Archive member included because of file (symbol)

libbb/lib.a(appletlib.o)      /home/xzx/share/project_ipc/toolchain/gcc-linaro-4.9.4/bin/../arm-linux-gnueabihf/libc/usr/lib/crt1.o (main)
libbb/lib.a(compare_string_array.o)
                              libbb/lib.a(appletlib.o) (is_prefixed_with)
libbb/lib.a(concat_path_file.o)
                              libbb/lib.a(appletlib.o) (concat_path_file)
libbb/lib.a(default_error_retval.o)
                              libbb/lib.a(appletlib.o) (xfunc_error_retval)
libbb/lib.a(get_last_path_component.o)
                              libbb/lib.a(appletlib.o) (bb_basename)
libbb/lib.a(last_char_is.o)   libbb/lib.a(concat_path_file.o) (last_char_is)
libbb/lib.a(llist.o)          libbb/lib.a(appletlib.o) (llist_free)
libbb/lib.a(messages.o)       libbb/lib.a(appletlib.o) (bb_busybox_exec_path)
libbb/lib.a(perror_msg.o)     libbb/lib.a(appletlib.o) (bb_perror_msg_and_die)
libbb/lib.a(ptr_to_globals.o)
                              libbb/lib.a(appletlib.o) (bb_errno)
libbb/lib.a(skip_whitespace.o)
                              libbb/lib.a(appletlib.o) (skip_whitespace)
libbb/lib.a(verror_msg.o)     libbb/lib.a(perror_msg.o) (bb_verror_msg)
libbb/lib.a(wfopen.o)         libbb/lib.a(appletlib.o) (fopen_for_read)
libbb/lib.a(xfunc_die.o)      libbb/lib.a(appletlib.o) (xfunc_die)
libbb/lib.a(xfuncs.o)         libbb/lib.a(appletlib.o) (full_write1_str)
libbb/lib.a(xfuncs_printf.o)  libbb/lib.a(wfopen.o) (bb_die_memory_exhausted)
libbb/lib.a(xreadlink.o)      libbb/lib.a(appletlib.o) (xmalloc_readlink)
libbb/lib.a(copyfd.o)         libbb/lib.a(xfuncs_printf.o) (bb_copyfd_eof)
libbb/lib.a(full_write.o)     libbb/lib.a(verror_msg.o) (full_write)
libbb/lib.a(read.o)           libbb/lib.a(copyfd.o) (safe_read)
libbb/lib.a(safe_write.o)     libbb/lib.a(full_write.o) (safe_write)
libbb/lib.a(signals.o)        libbb/lib.a(xfuncs_printf.o) (kill_myself_with_sig)
libbb/lib.a(time.o)           libbb/lib.a(xfuncs_printf.o) (monotonic_us)
libbb/lib.a(bb_strtonum.o)    libbb/lib.a(time.o) (bb_strtol)
libpwdgrp/lib.a(pwd_grp.o)    libbb/lib.a(appletlib.o) (bb_internal_getpwnam)
libpwdgrp/lib.a(uidgid_get.o)
                              libbb/lib.a(appletlib.o) (get_uidgid)
loginutils/lib.a(add-remove-shell.o)
                              libbb/lib.a(appletlib.o) (add_remove_shell_main)
loginutils/lib.a(addgroup.o)  libbb/lib.a(appletlib.o) (addgroup_main)
loginutils/lib.a(adduser.o)   libbb/lib.a(appletlib.o) (adduser_main)
loginutils/lib.a(chpasswd.o)  libbb/lib.a(appletlib.o) (chpasswd_main)
loginutils/lib.a(cryptpw.o)   libbb/lib.a(appletlib.o) (cryptpw_main)
loginutils/lib.a(deluser.o)   libbb/lib.a(appletlib.o) (deluser_main)
loginutils/lib.a(getty.o)     libbb/lib.a(appletlib.o) (getty_main)
loginutils/lib.a(login.o)     libbb/lib.a(appletlib.o) (login_main)
loginutils/lib.a(passwd.o)    libbb/lib.a(appletlib.o) (passwd_main)
loginutils/lib.a(su.o)        libbb/lib.a(appletlib.o) (su_main)
loginutils/lib.a(sulogin.o)   libbb/lib.a(appletlib.o) (sulogin_main)
loginutils/lib.a(vlock.o)     libbb/lib.a(appletlib.o) (vlock_main)
mailutils/lib.a(makemime.o)   libbb/lib.a(appletlib.o) (makemime_main)
mailutils/lib.a(popmaildir.o)
                              libbb/lib.a(appletlib.o) (popmaildir_main)
mailutils/lib.a(reformime.o)  libbb/lib.a(appletlib.o) (reformime_main)
mailutils/lib.a(sendmail.o)   libbb/lib.a(appletlib.o) (sendmail_main)
mailutils/lib.a(mail.o)       mailutils/lib.a(popmaildir.o) (launch_helper)
miscutils/lib.a(adjtimex.o)   libbb/lib.a(appletlib.o) (adjtimex_main)
miscutils/lib.a(bc.o)         libbb/lib.a(appletlib.o) (bc_main)
miscutils/lib.a(beep.o)       libbb/lib.a(appletlib.o) (beep_main)
miscutils/lib.a(chat.o)       libbb/lib.a(appletlib.o) (chat_main)
miscutils/lib.a(conspy.o)     libbb/lib.a(appletlib.o) (conspy_main)
miscutils/lib.a(crond.o)      libbb/lib.a(appletlib.o) (crond_main)
miscutils/lib.a(crontab.o)    libbb/lib.a(appletlib.o) (crontab_main)
miscutils/lib.a(devmem.o)     libbb/lib.a(appletlib.o) (devmem_main)
miscutils/lib.a(fbsplash.o)   libbb/lib.a(appletlib.o) (fbsplash_main)
miscutils/lib.a(hdparm.o)     libbb/lib.a(appletlib.o) (hdparm_main)
miscutils/lib.a(hexedit.o)    libbb/lib.a(appletlib.o) (hexedit_main)
miscutils/lib.a(i2c_tools.o)  libbb/lib.a(appletlib.o) (i2cget_main)
miscutils/lib.a(less.o)       libbb/lib.a(appletlib.o) (less_main)
miscutils/lib.a(lsscsi.o)     libbb/lib.a(appletlib.o) (lsscsi_main)
miscutils/lib.a(makedevs.o)   libbb/lib.a(appletlib.o) (makedevs_main)
miscutils/lib.a(man.o)        libbb/lib.a(appletlib.o) (man_main)
miscutils/lib.a(microcom.o)   libbb/lib.a(appletlib.o) (microcom_main)
miscutils/lib.a(mt.o)         libbb/lib.a(appletlib.o) (mt_main)
miscutils/lib.a(nandwrite.o)  libbb/lib.a(appletlib.o) (nandwrite_main)
miscutils/lib.a(partprobe.o)  libbb/lib.a(appletlib.o) (partprobe_main)
miscutils/lib.a(raidautorun.o)
                              libbb/lib.a(appletlib.o) (raidautorun_main)
[...]
Memory Configuration

Name             Origin             Length             Attributes
*default*        0x00000000         0xffffffff

Linker script and memory map

LOAD /home/xzx/share/project_ipc/toolchain/gcc-linaro-4.9.4/bin/../arm-linux-gnueabihf/libc/usr/lib/crt1.o
LOAD /home/xzx/share/project_ipc/toolchain/gcc-linaro-4.9.4/bin/../arm-linux-gnueabihf/libc/usr/lib/crti.o
LOAD /home/xzx/share/project_ipc/toolchain/gcc-linaro-4.9.4/bin/../lib/gcc/arm-linux-gnueabihf/4.9.4/crtbegin.o
START GROUP
LOAD applets/built-in.o
LOAD archival/lib.a
LOAD archival/libarchive/lib.a
LOAD console-tools/lib.a
LOAD coreutils/lib.a
LOAD coreutils/libcoreutils/lib.a
LOAD debianutils/lib.a
LOAD klibc-utils/lib.a
LOAD e2fsprogs/lib.a
LOAD editors/lib.a
LOAD findutils/lib.a
LOAD init/lib.a
LOAD libbb/lib.a
LOAD libpwdgrp/lib.a
LOAD loginutils/lib.a
LOAD mailutils/lib.a
LOAD miscutils/lib.a
LOAD modutils/lib.a
LOAD networking/lib.a
LOAD networking/libiproute/lib.a
LOAD networking/udhcp/lib.a
LOAD printutils/lib.a
LOAD procps/lib.a
LOAD runit/lib.a
LOAD selinux/lib.a
LOAD shell/lib.a
LOAD sysklogd/lib.a
LOAD util-linux/lib.a
LOAD util-linux/volume_id/lib.a
LOAD archival/built-in.o
LOAD archival/libarchive/built-in.o
LOAD console-tools/built-in.o
LOAD coreutils/built-in.o
LOAD coreutils/libcoreutils/built-in.o
LOAD debianutils/built-in.o
LOAD klibc-utils/built-in.o
LOAD e2fsprogs/built-in.o
LOAD editors/built-in.o
LOAD findutils/built-in.o
LOAD init/built-in.o
LOAD libbb/built-in.o
LOAD libpwdgrp/built-in.o
LOAD loginutils/built-in.o
LOAD mailutils/built-in.o
LOAD miscutils/built-in.o
LOAD modutils/built-in.o
LOAD networking/built-in.o
LOAD networking/libiproute/built-in.o
LOAD networking/udhcp/built-in.o
LOAD printutils/built-in.o
LOAD procps/built-in.o
LOAD runit/built-in.o
LOAD selinux/built-in.o
LOAD shell/built-in.o
LOAD sysklogd/built-in.o
LOAD util-linux/built-in.o
LOAD util-linux/volume_id/built-in.o
END GROUP
START GROUP
LOAD /home/xzx/share/project_ipc/toolchain/gcc-linaro-4.9.4/bin/../arm-linux-gnueabihf/libc/usr/lib/libm.so
LOAD /home/xzx/share/project_ipc/toolchain/gcc-linaro-4.9.4/bin/../arm-linux-gnueabihf/libc/usr/lib/libresolv.so
END GROUP
LOAD /home/xzx/share/project_ipc/toolchain/gcc-linaro-4.9.4/bin/../lib/gcc/arm-linux-gnueabihf/4.9.4/libgcc.a
LOAD /home/xzx/share/project_ipc/toolchain/gcc-linaro-4.9.4/bin/../lib/gcc/arm-linux-gnueabihf/4.9.4/libgcc_eh.a
LOAD /home/xzx/share/project_ipc/toolchain/gcc-linaro-4.9.4/bin/../arm-linux-gnueabihf/libc/usr/lib/libc.so
START GROUP
LOAD /home/xzx/share/project_ipc/toolchain/gcc-linaro-4.9.4/bin/../arm-linux-gnueabihf/libc/lib/libc.so.6
LOAD /home/xzx/share/project_ipc/toolchain/gcc-linaro-4.9.4/bin/../arm-linux-gnueabihf/libc/usr/lib/libc_nonshared.a
LOAD /home/xzx/share/project_ipc/toolchain/gcc-linaro-4.9.4/bin/../arm-linux-gnueabihf/libc/lib/ld-linux-armhf.so.3
END GROUP
LOAD /home/xzx/share/project_ipc/toolchain/gcc-linaro-4.9.4/bin/../lib/gcc/arm-linux-gnueabihf/4.9.4/libgcc.a
LOAD /home/xzx/share/project_ipc/toolchain/gcc-linaro-4.9.4/bin/../lib/gcc/arm-linux-gnueabihf/4.9.4/libgcc_eh.a
LOAD /home/xzx/share/project_ipc/toolchain/gcc-linaro-4.9.4/bin/../lib/gcc/arm-linux-gnueabihf/4.9.4/crtend.o
LOAD /home/xzx/share/project_ipc/toolchain/gcc-linaro-4.9.4/bin/../arm-linux-gnueabihf/libc/usr/lib/crtn.o
                0x00010000                PROVIDE (__executable_start, 0x10000)
                0x00010134                . = (0x10000 + SIZEOF_HEADERS)

.interp         0x00010134       0x19
 *(SORT(.interp))
 .interp        0x00010134       0x19 /home/xzx/share/project_ipc/toolchain/gcc-linaro-4.9.4/bin/../arm-linux-gnueabihf/libc/usr/lib/crt1.o

.note.ABI-tag   0x00010150       0x20
 .note.ABI-tag  0x00010150       0x20 /home/xzx/share/project_ipc/toolchain/gcc-linaro-4.9.4/bin/../arm-linux-gnueabihf/libc/usr/lib/crt1.o

.note.gnu.build-id
                0x00010170       0x24
 *(SORT(.note.gnu.build-id))
 .note.gnu.build-id
                0x00010170       0x24 linker stubs

.hash           0x00010194      0xa60
 *(SORT(.hash))
 .hash          0x00010194      0xa60 /home/xzx/share/project_ipc/toolchain/gcc-linaro-4.9.4/bin/../arm-linux-gnueabihf/libc/usr/lib/crt1.o

.gnu.hash
 *(SORT(.gnu.hash))

.dynsym         0x00010bf4     0x18f0
 *(SORT(.dynsym))
 .dynsym        0x00010bf4     0x18f0 /home/xzx/share/project_ipc/toolchain/gcc-linaro-4.9.4/bin/../arm-linux-gnueabihf/libc/usr/lib/crt1.o

.dynstr         0x000124e4      0xd61
 *(SORT(.dynstr))
 .dynstr        0x000124e4      0xd61 /home/xzx/share/project_ipc/toolchain/gcc-linaro-4.9.4/bin/../arm-linux-gnueabihf/libc/usr/lib/crt1.o

.gnu.version    0x00013246      0x31e
 *(SORT(.gnu.version))
 .gnu.version   0x00013246      0x31e /home/xzx/share/project_ipc/toolchain/gcc-linaro-4.9.4/bin/../arm-linux-gnueabihf/libc/usr/lib/crt1.o

.gnu.version_d  0x00013564        0x0
 *(SORT(.gnu.version_d))
 .gnu.version_d
                0x00000000        0x0 /home/xzx/share/project_ipc/toolchain/gcc-linaro-4.9.4/bin/../arm-linux-gnueabihf/libc/usr/lib/crt1.o

.gnu.version_r  0x00013564       0x80
 *(SORT(.gnu.version_r))
 .gnu.version_r
                0x00013564       0x80 /home/xzx/share/project_ipc/toolchain/gcc-linaro-4.9.4/bin/../arm-linux-gnueabihf/libc/usr/lib/crt1.o

.rel.dyn        0x000135e4       0x50
 *(SORT(.rel.init))
 *(SORT(.rel.text) SORT(.rel.text.*) SORT(.rel.gnu.linkonce.t.*))
 *(SORT(.rel.fini))
 *(SORT(.rel.rodata) SORT(.rel.rodata.*) SORT(.rel.gnu.linkonce.r.*))
 *(SORT(.rel.data.rel.ro) SORT(.rel.data.rel.ro.*) SORT(.rel.gnu.linkonce.d.rel.ro.*))
 *(SORT(.rel.data) SORT(.rel.data.*) SORT(.rel.gnu.linkonce.d.*))
 *(SORT(.rel.tdata) SORT(.rel.tdata.*) SORT(.rel.gnu.linkonce.td.*))
 *(SORT(.rel.tbss) SORT(.rel.tbss.*) SORT(.rel.gnu.linkonce.tb.*))
 *(SORT(.rel.ctors))
 *(SORT(.rel.dtors))
 *(SORT(.rel.got))
 .rel.got       0x000135e4        0x8 /home/xzx/share/project_ipc/toolchain/gcc-linaro-4.9.4/bin/../arm-linux-gnueabihf/libc/usr/lib/crt1.o
 *(SORT(.rel.bss) SORT(.rel.bss.*) SORT(.rel.gnu.linkonce.b.*))
 .rel.bss       0x000135ec       0x48 /home/xzx/share/project_ipc/toolchain/gcc-linaro-4.9.4/bin/../arm-linux-gnueabihf/libc/usr/lib/crt1.o
                0x00013634                PROVIDE (__rel_iplt_start, .)
 *(SORT(.rel.iplt))
 .rel.iplt      0x00000000        0x0 /home/xzx/share/project_ipc/toolchain/gcc-linaro-4.9.4/bin/../arm-linux-gnueabihf/libc/usr/lib/crt1.o
                0x00013634                PROVIDE (__rel_iplt_end, .)

.rela.dyn       0x00013634        0x0
 *(SORT(.rela.init))
 *(SORT(.rela.text) SORT(.rela.text.*) SORT(.rela.gnu.linkonce.t.*))
 *(SORT(.rela.fini))
 *(SORT(.rela.rodata) SORT(.rela.rodata.*) SORT(.rela.gnu.linkonce.r.*))
 *(SORT(.rela.data) SORT(.rela.data.*) SORT(.rela.gnu.linkonce.d.*))
 *(SORT(.rela.tdata) SORT(.rela.tdata.*) SORT(.rela.gnu.linkonce.td.*))
 *(SORT(.rela.tbss) SORT(.rela.tbss.*) SORT(.rela.gnu.linkonce.tb.*))
 *(SORT(.rela.ctors))
 *(SORT(.rela.dtors))
 *(SORT(.rela.got))
 *(SORT(.rela.bss) SORT(.rela.bss.*) SORT(.rela.gnu.linkonce.b.*))
                0x00013634                PROVIDE (__rela_iplt_start, .)
 *(SORT(.rela.iplt))
                0x00013634                PROVIDE (__rela_iplt_end, .)

.rel.plt        0x00013634      0xc00
 *(SORT(.rel.plt))
 .rel.plt       0x00013634      0xc00 /home/xzx/share/project_ipc/toolchain/gcc-linaro-4.9.4/bin/../arm-linux-gnueabihf/libc/usr/lib/crt1.o

.rela.plt
 *(SORT(.rela.plt))

.init           0x00014234        0xc
 *(SORT(.init))
 .init          0x00014234        0x8 /home/xzx/share/project_ipc/toolchain/gcc-linaro-4.9.4/bin/../arm-linux-gnueabihf/libc/usr/lib/crti.o
                0x00014234                _init
 .init          0x0001423c        0x4 /home/xzx/share/project_ipc/toolchain/gcc-linaro-4.9.4/bin/../arm-linux-gnueabihf/libc/usr/lib/crtn.o

.plt            0x00014240     0x12f4
 *(SORT(.plt))
 .plt           0x00014240     0x12f4 /home/xzx/share/project_ipc/toolchain/gcc-linaro-4.9.4/bin/../arm-linux-gnueabihf/libc/usr/lib/crt1.o
                0x00014254                fdopen@@GLIBC_2.4
                0x00014260                sched_get_priority_min@@GLIBC_2.4
                0x00014270                fputs_unlocked@@GLIBC_2.4
                0x0001427c                strstr@@GLIBC_2.4
                0x00014288                gnu_dev_major@@GLIBC_2.4
                0x00014294                ether_hostton@@GLIBC_2.4
                0x000142a0                raise@@GLIBC_2.4
                0x000142ac                lutimes@@GLIBC_2.4
                0x000142b8                cfmakeraw@@GLIBC_2.4
                0x000142c4                vasprintf@@GLIBC_2.4
                0x000142d0                sendfile64@@GLIBC_2.4
                0x000142dc                gmtime_r@@GLIBC_2.4
                0x000142e8                log@@GLIBC_2.4
                0x000142f4                strverscmp@@GLIBC_2.4
                0x00014300                inet_aton@@GLIBC_2.4
                0x0001430c                fsync@@GLIBC_2.4
                0x00014318                setitimer@@GLIBC_2.4
                0x00014328                setbuf@@GLIBC_2.4
                0x00014334                strcasestr@@GLIBC_2.4
                0x00014344                strcmp@@GLIBC_2.4
                0x00014350                ns_name_uncompress@@GLIBC_2.9
                0x0001435c                strtol@@GLIBC_2.4
                0x00014368                setsockopt@@GLIBC_2.4
                0x00014374                strcspn@@GLIBC_2.4
                0x00014380                times@@GLIBC_2.4
                0x00014390                gnu_dev_makedev@@GLIBC_2.4
                0x0001439c                dprintf@@GLIBC_2.4
                0x000143a8                pause@@GLIBC_2.4
                0x000143b4                clearenv@@GLIBC_2.4
                0x000143c4                printf@@GLIBC_2.4
                0x000143d0                hstrerror@@GLIBC_2.4
                0x000143dc                gnu_dev_minor@@GLIBC_2.4
                0x000143e8                getusershell@@GLIBC_2.4
                0x000143f4                regerror@@GLIBC_2.4
                0x00014400                setrlimit64@@GLIBC_2.4
                0x0001440c                getifaddrs@@GLIBC_2.4
                0x00014418                read@@GLIBC_2.4
                0x00014424                tcflush@@GLIBC_2.4
                0x00014430                mktime@@GLIBC_2.4
                0x0001443c                longjmp@@GLIBC_2.4
                0x0001444c                fflush@@GLIBC_2.4
                0x00014458                utmpxname@@GLIBC_2.4
                0x00014464                getuid@@GLIBC_2.4
                0x00014474                sigprocmask@@GLIBC_2.4
                0x00014480                _setjmp@@GLIBC_2.4
                0x00014490                memmove@@GLIBC_2.4
                0x0001449c                lsetxattr@@GLIBC_2.4
                0x000144a8                strchrnul@@GLIBC_2.4
                0x000144b8                free@@GLIBC_2.4
                0x000144c4                unshare@@GLIBC_2.4
                0x000144d0                getresgid@@GLIBC_2.4
                0x000144dc                nanosleep@@GLIBC_2.4
                0x000144e8                fileno_unlocked@@GLIBC_2.4
                0x000144f4                inet_pton@@GLIBC_2.4
                0x00014500                _exit@@GLIBC_2.4
                0x0001450c                pututxline@@GLIBC_2.4
                0x0001451c                memcpy@@GLIBC_2.4
                0x00014528                tcsendbreak@@GLIBC_2.4
                0x00014534                pivot_root@@GLIBC_2.4
                0x00014540                execvp@@GLIBC_2.4
                0x0001454c                execlp@@GLIBC_2.4
                0x00014558                mmap64@@GLIBC_2.4
                0x00014564                shmget@@GLIBC_2.4
                0x00014570                signal@@GLIBC_2.4
                0x0001457c                time@@GLIBC_2.4
                0x00014588                rmdir@@GLIBC_2.4
                0x00014594                gethostid@@GLIBC_2.4
                0x000145a0                tcsetpgrp@@GLIBC_2.4
                0x000145ac                sendmsg@@GLIBC_2.4
                0x000145b8                pow@@GLIBC_2.4
                0x000145c4                ftruncate64@@GLIBC_2.4
                0x000145d0                memcmp@@GLIBC_2.4
                0x000145dc                inet_ntoa@@GLIBC_2.4
                0x000145e8                select@@GLIBC_2.4
                0x000145f4                swapon@@GLIBC_2.4
                0x00014604                sleep@@GLIBC_2.4
                0x00014610                stpcpy@@GLIBC_2.4
                0x0001461c                fputc_unlocked@@GLIBC_2.4
                0x00014628                freeifaddrs@@GLIBC_2.4
                0x00014634                getc_unlocked@@GLIBC_2.4
                0x00014640                uname@@GLIBC_2.4
                0x0001464c                ctime@@GLIBC_2.4
                0x00014658                removexattr@@GLIBC_2.4
                0x00014664                gethostbyaddr@@GLIBC_2.4
                0x00014670                recvfrom@@GLIBC_2.4
                0x0001467c                strdup@@GLIBC_2.4
                0x00014688                setutxent@@GLIBC_2.4
                0x00014694                syncfs@@GLIBC_2.14
                0x000146a0                cfgetispeed@@GLIBC_2.4
                0x000146b0                rewind@@GLIBC_2.4
                0x000146c0                alarm@@GLIBC_2.4
                0x000146cc                msgctl@@GLIBC_2.4
                0x000146dc                sysconf@@GLIBC_2.4
                0x000146ec                unlink@@GLIBC_2.4
                0x000146f8                dup2@@GLIBC_2.4
                0x00014704                reboot@@GLIBC_2.4
                0x00014710                getrlimit64@@GLIBC_2.4
                0x0001471c                realloc@@GLIBC_2.4
                0x00014728                killpg@@GLIBC_2.4
                0x00014734                strptime@@GLIBC_2.4
                0x00014740                dup@@GLIBC_2.4
                0x0001474c                socketpair@@GLIBC_2.4
                0x00014758                atoll@@GLIBC_2.4
                0x00014764                getpriority@@GLIBC_2.4
                0x00014770                setns@@GLIBC_2.14
                0x0001477c                sigismember@@GLIBC_2.4
                0x00014788                regexec@@GLIBC_2.4
                0x00014794                localtime_r@@GLIBC_2.4
                0x000147a0                wait@@GLIBC_2.4
                0x000147ac                getlogin_r@@GLIBC_2.4
                0x000147b8                ns_initparse@@GLIBC_2.9
                0x000147c4                shmat@@GLIBC_2.4
                0x000147d0                sigisemptyset@@GLIBC_2.4
                0x000147dc                chdir@@GLIBC_2.4
                0x000147e8                strcasecmp@@GLIBC_2.4
                0x000147f4                getpgrp@@GLIBC_2.4
                0x00014800                unlockpt@@GLIBC_2.4
                0x0001480c                geteuid@@GLIBC_2.4
                0x00014818                strsignal@@GLIBC_2.4
                0x00014824                tzset@@GLIBC_2.4
                0x00014830                poll@@GLIBC_2.4
                0x0001483c                accept@@GLIBC_2.4
                0x00014848                setgroups@@GLIBC_2.4
                0x00014858                cfsetospeed@@GLIBC_2.4
                0x00014864                semop@@GLIBC_2.4
                0x00014870                seteuid@@GLIBC_2.4
                0x00014880                __fxstat64@@GLIBC_2.4
                0x0001488c                readlink@@GLIBC_2.4
                0x00014898                getegid@@GLIBC_2.4
                0x000148a8                sigaction@@GLIBC_2.4
                0x000148b8                fwrite@@GLIBC_2.4
                0x000148c4                strcat@@GLIBC_2.4
                0x000148d0                getsockopt@@GLIBC_2.4
                0x000148e0                ioctl@@GLIBC_2.4
                0x000148ec                sched_getscheduler@@GLIBC_2.4
                0x000148f8                lseek64@@GLIBC_2.4
                0x00014904                regfree@@GLIBC_2.4
                0x00014910                strtoll@@GLIBC_2.4
                0x0001491c                capget@@GLIBC_2.4
                0x00014928                usleep@@GLIBC_2.4
                0x00014934                readahead@@GLIBC_2.4
                0x00014940                waitpid@@GLIBC_2.4
                0x0001494c                hasmntopt@@GLIBC_2.4
                0x0001495c                tcsetattr@@GLIBC_2.4
                0x00014968                munlock@@GLIBC_2.4
                0x00014978                strcpy@@GLIBC_2.4
                0x00014984                chroot@@GLIBC_2.4
                0x00014990                gettimeofday@@GLIBC_2.4
                0x0001499c                fread@@GLIBC_2.4
                0x000149a8                pread64@@GLIBC_2.4
                0x000149b4                sched_yield@@GLIBC_2.4
                0x000149c0                ptsname_r@@GLIBC_2.4
                0x000149cc                ferror_unlocked@@GLIBC_2.4
                0x000149d8                shmctl@@GLIBC_2.4
                0x000149e4                creat64@@GLIBC_2.4
                0x000149f0                strtok_r@@GLIBC_2.4
                0x000149fc                daemon@@GLIBC_2.4
                0x00014a08                getmntent@@GLIBC_2.4
                0x00014a14                opendir@@GLIBC_2.4
                0x00014a20                umount2@@GLIBC_2.4
                0x00014a2c                setxattr@@GLIBC_2.4
                0x00014a38                fnmatch@@GLIBC_2.4
                0x00014a44                open64@@GLIBC_2.4
                0x00014a50                sched_get_priority_max@@GLIBC_2.4
                0x00014a5c                getenv@@GLIBC_2.4
                0x00014a68                setpriority@@GLIBC_2.4
                0x00014a74                mkstemp64@@GLIBC_2.4
                0x00014a84                puts@@GLIBC_2.4
                0x00014a90                setgid@@GLIBC_2.4
                0x00014a9c                sysinfo@@GLIBC_2.4
                0x00014aa8                malloc@@GLIBC_2.4
                0x00014ab4                settimeofday@@GLIBC_2.4
                0x00014ac4                sigaddset@@GLIBC_2.4
                0x00014ad0                __libc_start_main@@GLIBC_2.4
                0x00014ae0                strerror@@GLIBC_2.4
                0x00014aec                system@@GLIBC_2.4
                0x00014af8                strftime@@GLIBC_2.4
                0x00014b04                tcdrain@@GLIBC_2.4
                0x00014b10                __h_errno_location@@GLIBC_2.4
                0x00014b1c                adjtimex@@GLIBC_2.4
                0x00014b28                localtime@@GLIBC_2.4
                0x00014b34                strsep@@GLIBC_2.4
                0x00014b40                lremovexattr@@GLIBC_2.4
                0x00014b4c                mktemp@@GLIBC_2.4
                0x00014b58                scanf@@GLIBC_2.4
                0x00014b64                closelog@@GLIBC_2.4
                0x00014b70                sethostname@@GLIBC_2.4
                0x00014b7c                dirname@@GLIBC_2.4
                0x00014b94                freopen64@@GLIBC_2.4
                0x00014ba4                mempcpy@@GLIBC_2.4
                0x00014bb0                rename@@GLIBC_2.4
                0x00014bbc                getopt_long@@GLIBC_2.4
                0x00014bcc                kill@@GLIBC_2.4
                0x00014bd8                getcwd@@GLIBC_2.4
                0x00014be4                getpid@@GLIBC_2.4
                0x00014bf0                exit@@GLIBC_2.4
                0x00014c00                syscall@@GLIBC_2.4
                0x00014c0c                sin@@GLIBC_2.4
                0x00014c18                flock@@GLIBC_2.4
                0x00014c24                strtoul@@GLIBC_2.4
                0x00014c30                tcgetpgrp@@GLIBC_2.4
                0x00014c40                strlen@@GLIBC_2.4
                0x00014c4c                getchar_unlocked@@GLIBC_2.4
                0x00014c58                setsid@@GLIBC_2.4
                0x00014c64                vprintf@@GLIBC_2.4
                0x00014c70                setpgrp@@GLIBC_2.4
                0x00014c7c                __libc_current_sigrtmax@@GLIBC_2.4
                0x00014c88                sched_getparam@@GLIBC_2.4
                0x00014c94                strchr@@GLIBC_2.4
                0x00014ca0                srand@@GLIBC_2.4
                0x00014cb0                setenv@@GLIBC_2.4
                0x00014cbc                personality@@GLIBC_2.4
                0x00014cc8                memrchr@@GLIBC_2.4
                0x00014cd4                ttyname_r@@GLIBC_2.4
                0x00014ce0                fchown@@GLIBC_2.4
                0x00014cec                execve@@GLIBC_2.4
                0x00014cf8                nice@@GLIBC_2.4
                0x00014d04                getopt@@GLIBC_2.4
                0x00014d10                fprintf@@GLIBC_2.4
                0x00014d1c                getpagesize@@GLIBC_2.4
                0x00014d28                cfsetispeed@@GLIBC_2.4
                0x00014d38                chown@@GLIBC_2.4
                0x00014d44                ungetc@@GLIBC_2.4
                0x00014d54                fcntl@@GLIBC_2.4
                0x00014d60                grantpt@@GLIBC_2.4
                0x00014d6c                execv@@GLIBC_2.4
                0x00014d78                sqrt@@GLIBC_2.4
                0x00014d84                cfgetospeed@@GLIBC_2.4
                0x00014d90                sigfillset@@GLIBC_2.4
                0x00014d9c                __errno_location@@GLIBC_2.4
                0x00014dac                strncasecmp@@GLIBC_2.4
                0x00014db8                getservbyname@@GLIBC_2.4
                0x00014dc4                klogctl@@GLIBC_2.4
                0x00014dd4                snprintf@@GLIBC_2.4
                0x00014de0                mkdir@@GLIBC_2.4
                0x00014dec                semget@@GLIBC_2.4
                0x00014df8                bind@@GLIBC_2.4
                0x00014e04                setvbuf@@GLIBC_2.4
                0x00014e10                getservbyport@@GLIBC_2.4
                0x00014e1c                getgid@@GLIBC_2.4
                0x00014e2c                memset@@GLIBC_2.4
                0x00014e38                getmntent_r@@GLIBC_2.4
                0x00014e44                bsearch@@GLIBC_2.4
                0x00014e50                sigtimedwait@@GLIBC_2.4
                0x00014e5c                utimes@@GLIBC_2.4
                0x00014e6c                strncpy@@GLIBC_2.4
                0x00014e78                fscanf@@GLIBC_2.4
                0x00014e84                mallopt@@GLIBC_2.4
                0x00014e90                sigsuspend@@GLIBC_2.4
                0x00014e9c                strtoull@@GLIBC_2.4
                0x00014ea8                ns_get16@@GLIBC_2.9
                0x00014eb4                wait3@@GLIBC_2.4
                0x00014ec0                statvfs64@@GLIBC_2.4
                0x00014ecc                prctl@@GLIBC_2.4
                0x00014edc                strtod@@GLIBC_2.4
                0x00014ee8                link@@GLIBC_2.4
                0x00014ef8                write@@GLIBC_2.4
                0x00014f04                sigdelset@@GLIBC_2.4
                0x00014f10                mlock@@GLIBC_2.4
                0x00014f1c                asprintf@@GLIBC_2.4
                0x00014f28                getopt_long_only@@GLIBC_2.4
                0x00014f34                ether_aton_r@@GLIBC_2.4
                0x00014f40                shmdt@@GLIBC_2.4
                0x00014f4c                vfork@@GLIBC_2.4
                0x00014f58                memchr@@GLIBC_2.4
                0x00014f64                sched_setaffinity@@GLIBC_2.4
                0x00014f70                access@@GLIBC_2.4
                0x00014f7c                rand@@GLIBC_2.4
                0x00014f88                setegid@@GLIBC_2.4
                0x00014f98                fclose@@GLIBC_2.4
                0x00014fa4                getsid@@GLIBC_2.4
                0x00014fb0                strnlen@@GLIBC_2.4
                0x00014fbc                pipe@@GLIBC_2.4
                0x00014fc8                fseeko64@@GLIBC_2.4
                0x00014fd4                endmntent@@GLIBC_2.4
                0x00014fe0                munmap@@GLIBC_2.4
                0x00014fec                posix_fallocate64@@GLIBC_2.4
                0x00014ff8                strtok@@GLIBC_2.4
                0x00015004                glob64@@GLIBC_2.4
                0x00015010                semctl@@GLIBC_2.4
                0x0001501c                sendto@@GLIBC_2.4
                0x00015028                shutdown@@GLIBC_2.4
                0x00015034                endutxent@@GLIBC_2.4
                0x00015040                sigemptyset@@GLIBC_2.4
                0x0001504c                popen@@GLIBC_2.4
                0x00015058                getresuid@@GLIBC_2.4
                0x00015064                fork@@GLIBC_2.4
                0x00015070                execle@@GLIBC_2.4
                0x00015080                putenv@@GLIBC_2.4
                0x0001508c                stime@@GLIBC_2.4
                0x00015098                getnameinfo@@GLIBC_2.4
                0x000150a4                execl@@GLIBC_2.4
                0x000150b0                strrchr@@GLIBC_2.4
                0x000150bc                listen@@GLIBC_2.4
                0x000150c8                vfprintf@@GLIBC_2.4
                0x000150d4                ns_parserr@@GLIBC_2.9
                0x000150e0                statfs64@@GLIBC_2.4
                0x000150ec                __sigsetjmp@@GLIBC_2.4
                0x000150f8                lchown@@GLIBC_2.4
                0x00015104                fputc@@GLIBC_2.4
                0x00015110                globfree64@@GLIBC_2.4
                0x0001511c                syslog@@GLIBC_2.4
                0x00015128                setresuid@@GLIBC_2.4
                0x00015134                symlink@@GLIBC_2.4
                0x00015140                updwtmpx@@GLIBC_2.4
                0x0001514c                setuid@@GLIBC_2.4
                0x00015158                sscanf@@GLIBC_2.4
                0x00015164                setpgid@@GLIBC_2.4
                0x00015170                clearerr@@GLIBC_2.4
                0x00015180                sprintf@@GLIBC_2.4
                0x0001518c                readdir64@@GLIBC_2.4
                0x00015198                mkdtemp@@GLIBC_2.4
                0x000151a4                openlog@@GLIBC_2.4
                0x000151b0                regcomp@@GLIBC_2.4
                0x000151bc                getgroups@@GLIBC_2.4
                0x000151c8                exp@@GLIBC_2.4
                0x000151d4                getsockname@@GLIBC_2.4
                0x000151e0                vsnprintf@@GLIBC_2.4
                0x000151ec                getppid@@GLIBC_2.4
                0x000151fc                atoi@@GLIBC_2.4
                0x00015208                recvmsg@@GLIBC_2.4
                0x00015214                fchdir@@GLIBC_2.4
                0x00015224                fopen64@@GLIBC_2.4
                0x00015234                qsort@@GLIBC_2.4
                0x00015240                getpeername@@GLIBC_2.4
                0x0001524c                strpbrk@@GLIBC_2.4
                0x00015258                msgget@@GLIBC_2.4
                0x00015264                freeaddrinfo@@GLIBC_2.4
                0x00015270                getaddrinfo@@GLIBC_2.4
                0x0001527c                acct@@GLIBC_2.4
                0x00015288                capset@@GLIBC_2.4
                0x00015298                inet_ntop@@GLIBC_2.4
                0x000152a4                fgets_unlocked@@GLIBC_2.4
                0x000152b0                socket@@GLIBC_2.4
                0x000152bc                sched_getaffinity@@GLIBC_2.4
                0x000152c8                setmntent@@GLIBC_2.4
                0x000152d4                ns_get32@@GLIBC_2.9
                0x000152e0                cfsetspeed@@GLIBC_2.4
                0x000152ec                atof@@GLIBC_2.4
                0x000152f8                inet_addr@@GLIBC_2.4
                0x00015304                __cmsg_nxthdr@@GLIBC_2.4
                0x00015314                sync@@GLIBC_2.4
                0x00015320                getline@@GLIBC_2.4
                0x0001532c                __libc_current_sigrtmin@@GLIBC_2.4
                0x00015338                if_nametoindex@@GLIBC_2.4
                0x00015348                umask@@GLIBC_2.4
                0x00015354                swapoff@@GLIBC_2.4
                0x00015360                chmod@@GLIBC_2.4
                0x0001536c                gethostbyname@@GLIBC_2.4
                0x0001537c                __xstat64@@GLIBC_2.4
                0x00015388                isatty@@GLIBC_2.4
                0x00015394                __xmknod@@GLIBC_2.4
                0x000153a0                unsetenv@@GLIBC_2.4
                0x000153ac                __res_mkquery@@GLIBC_2.4
                0x000153b8                fputs@@GLIBC_2.4
                0x000153c8                strncmp@@GLIBC_2.4
                0x000153d4                fdatasync@@GLIBC_2.4
                0x000153e0                abort@@GLIBC_2.4
                0x000153ec                feof_unlocked@@GLIBC_2.4
                0x000153f8                getutxent@@GLIBC_2.4
                0x00015408                recv@@GLIBC_2.4
                0x00015418                realpath@@GLIBC_2.4
                0x00015424                siglongjmp@@GLIBC_2.4
                0x00015434                close@@GLIBC_2.4
                0x00015444                __lxstat64@@GLIBC_2.4
                0x00015450                setresgid@@GLIBC_2.4
                0x0001545c                mkfifo@@GLIBC_2.4
                0x00015468                send@@GLIBC_2.4
                0x00015474                connect@@GLIBC_2.4
                0x00015484                closedir@@GLIBC_2.4
                0x00015490                div@@GLIBC_2.4
                0x0001549c                atan2@@GLIBC_2.4
                0x000154a8                sched_setscheduler@@GLIBC_2.4
                0x000154b8                putchar_unlocked@@GLIBC_2.4
                0x000154c4                strspn@@GLIBC_2.4
                0x000154d0                fchmod@@GLIBC_2.4
                0x000154dc                cos@@GLIBC_2.4
                0x000154e8                tcgetattr@@GLIBC_2.4
                0x000154f8                putc_unlocked@@GLIBC_2.4
                0x00015504                tcgetsid@@GLIBC_2.4
                0x00015510                ftello64@@GLIBC_2.4
                0x0001551c                pclose@@GLIBC_2.4
                0x00015528                mount@@GLIBC_2.4

.iplt           0x00015534        0x0
 *(SORT(.iplt))
 .iplt          0x00000000        0x0 /home/xzx/share/project_ipc/toolchain/gcc-linaro-4.9.4/bin/../arm-linux-gnueabihf/libc/usr/lib/crt1.o

.text           0x00015538    0x87eb8
 *(SORT(.text.unlikely) SORT(.text.*_unlikely) SORT(.text.unlikely.*))
 *(SORT(.text.exit) SORT(.text.exit.*))
 *(SORT(.text.startup) SORT(.text.startup.*))
 *(SORT(.text.hot) SORT(.text.hot.*))
 *(SORT(.text) SORT(.stub) SORT(.text.*) SORT(.gnu.linkonce.t.*))
 .text.brctl_main
                0x00015538      0x208 networking/lib.a(brctl.o)
                0x00015538                brctl_main
 .text.filter_datapoints
                0x00015740       0xd8 networking/lib.a(ntpd.o)
 .text.gettime1900d
                0x00015818       0x50 networking/lib.a(ntpd.o)
 .text.step_time
                0x00015868      0x128 networking/lib.a(ntpd.o)
 .text.update_local_clock
                0x00015990      0x2c0 networking/lib.a(ntpd.o)
 .text.ntp_init
                0x00015c50      0x320 networking/lib.a(ntpd.o)
 .text.recv_and_process_client_pkt
                0x00015f70      0x250 networking/lib.a(ntpd.o)
 .text.recv_and_process_peer_pkt
                0x000161c0      0x738 networking/lib.a(ntpd.o)
 .text.ntpd_main
                0x000168f8      0x3d8 networking/lib.a(ntpd.o)
                0x000168f8                ntpd_main
 .text.common_ping_main
                0x00016cd0      0x5a0 networking/lib.a(ping.o)
 .text.cbq_print_opt
                0x00017270      0x1a0 networking/lib.a(tc.o)
 .text.iostat_main
                0x00017410      0x730 procps/lib.a(iostat.o)
                0x00017410                iostat_main
 .text.write_stats_core
                0x00017b40      0x598 procps/lib.a(mpstat.o)
 .text.powertop_main
                0x000180d8      0x4a8 procps/lib.a(powertop.o)
                0x000180d8                powertop_main
 .text.handle_input
                0x00018580      0x1e8 procps/lib.a(top.o)
 .text.top_main
                0x00018768      0x318 procps/lib.a(top.o)
                0x00018768                top_main
 .text.showmode
                0x00018a80      0x120 util-linux/lib.a(fbset.o)
 .text.script_main
                0x00018ba0      0x320 util-linux/lib.a(script.o)
                0x00018ba0                script_main
 .text.scriptreplay_main
                0x00018ec0       0x88 util-linux/lib.a(scriptreplay.o)
                0x00018ec0                scriptreplay_main
 .text.dd_output_status
                0x00018f48       0xe0 coreutils/lib.a(dd.o)
 .text.df_main  0x00019028      0x310 coreutils/lib.a(df.o)
                0x00019028                df_main
 .text.sleep_main
                0x00019338       0x60 coreutils/lib.a(sleep.o)
                0x00019338                sleep_main
 .text.evaluate
                0x00019398      0xa48 editors/lib.a(awk.o)
 .text.awk_main
                0x00019de0      0x330 editors/lib.a(awk.o)
                0x00019de0                awk_main
 .text.bootchartd_main
                0x0001a110      0x3b8 init/lib.a(bootchartd.o)
                0x0001a110                bootchartd_main
 .text.sleep_for_duration
                0x0001a4c8       0x78 libbb/lib.a(duration.o)
                0x0001a4c8                sleep_for_duration
 .text          0x0001a540      0x278 /home/xzx/share/project_ipc/toolchain/gcc-linaro-4.9.4/bin/../lib/gcc/arm-linux-gnueabihf/4.9.4/libgcc.a(_udivsi3.o)
                0x0001a540                __aeabi_uidiv
                0x0001a540                __udivsi3
                0x0001a79c                __aeabi_uidivmod
 .text          0x0001a7b8      0x2b0 /home/xzx/share/project_ipc/toolchain/gcc-linaro-4.9.4/bin/../lib/gcc/arm-linux-gnueabihf/4.9.4/libgcc.a(_divsi3.o)
                0x0001a7b8                __divsi3
                0x0001a7b8                __aeabi_idiv
                0x0001aa4c                __aeabi_idivmod
 .text          0x0001aa68       0x48 /home/xzx/share/project_ipc/toolchain/gcc-linaro-4.9.4/bin/../lib/gcc/arm-linux-gnueabihf/4.9.4/libgcc.a(_fixunsdfdi.o)
                0x0001aa68                __aeabi_d2ulz
                0x0001aa68                __fixunsdfdi
 .text          0x0001aab0       0x30 /home/xzx/share/project_ipc/toolchain/gcc-linaro-4.9.4/bin/../arm-linux-gnueabihf/libc/usr/lib/crt1.o
                0x0001aab0                _start
 .text          0x0001aae0       0x24 /home/xzx/share/project_ipc/toolchain/gcc-linaro-4.9.4/bin/../arm-linux-gnueabihf/libc/usr/lib/crti.o
 .text          0x0001ab04       0x8c /home/xzx/share/project_ipc/toolchain/gcc-linaro-4.9.4/bin/../lib/gcc/arm-linux-gnueabihf/4.9.4/crtbegin.o
 .text.find_applet_by_name
                0x0001ab90       0x6c libbb/lib.a(appletlib.o)
                0x0001ab90                find_applet_by_name
 .text.bb_show_usage
                0x0001abfc       0x94 libbb/lib.a(appletlib.o)
                0x0001abfc                bb_show_usage
 .text.scripted_main
                0x0001ac90       0x24 libbb/lib.a(appletlib.o)
                0x0001ac90                scripted_main
 .text.parse_config_file
                0x0001acb4      0x200 libbb/lib.a(appletlib.o)
 .text.lbb_prepare
                0x0001aeb4       0x1c libbb/lib.a(appletlib.o)
                0x0001aeb4                lbb_prepare
 .text.get_script_content
                0x0001aed0       0x24 libbb/lib.a(appletlib.o)
                0x0001aed0                get_script_content
 .text.run_applet_no_and_exit
                0x0001aef4      0x184 libbb/lib.a(appletlib.o)
                0x0001aef4                run_applet_no_and_exit
 .text.run_applet_and_exit
                0x0001b078      0x280 libbb/lib.a(appletlib.o)
 .text.main     0x0001b2f8       0x50 libbb/lib.a(appletlib.o)
                0x0001b2f8                main
 .text.concat_path_file
                0x0001b348       0x44 libbb/lib.a(concat_path_file.o)
                0x0001b348                concat_path_file
 .text.bb_perror_msg
                0x0001b38c       0x30 libbb/lib.a(perror_msg.o)
                0x0001b38c                bb_perror_msg
 .text.bb_perror_msg_and_die
                0x0001b3bc       0x2c libbb/lib.a(perror_msg.o)
                0x0001b3bc                bb_perror_msg_and_die
 .text.bb_simple_perror_msg
                0x0001b3e8        0xc libbb/lib.a(perror_msg.o)
                0x0001b3e8                bb_simple_perror_msg
 .text.bb_simple_perror_msg_and_die
                0x0001b3f4       0x10 libbb/lib.a(perror_msg.o)
                0x0001b3f4                bb_simple_perror_msg_and_die
 .text.skip_dev_pfx
                0x0001b404       0x18 libbb/lib.a(skip_whitespace.o)
                0x0001b404                skip_dev_pfx
 .text.bb_verror_msg
                0x0001b41c      0x160 libbb/lib.a(verror_msg.o)
                0x0001b41c                bb_verror_msg
 .text.bb_vinfo_msg
                0x0001b57c       0x18 libbb/lib.a(verror_msg.o)
                0x0001b57c                bb_vinfo_msg
 .text.xfdopen_helper
                0x0001b594       0x28 libbb/lib.a(wfopen.o)
 .text.fopen_for_read
                0x0001b5bc        0xc libbb/lib.a(wfopen.o)
                0x0001b5bc                fopen_for_read
 .text.xfopen_for_read
                0x0001b5c8        0xc libbb/lib.a(wfopen.o)
                0x0001b5c8                xfopen_for_read
 .text.fopen_for_write
                0x0001b5d4        0xc libbb/lib.a(wfopen.o)
                0x0001b5d4                fopen_for_write
 .text.xfopen_for_write
                0x0001b5e0        0xc libbb/lib.a(wfopen.o)
                0x0001b5e0                xfopen_for_write
 .text.xfunc_die
                0x0001b5ec       0x1c libbb/lib.a(xfunc_die.o)
                0x0001b5ec                xfunc_die
 .text.utoa_to_buf
                0x0001b608       0x64 libbb/lib.a(xfuncs.o)
                0x0001b608                utoa_to_buf
 .text.utoa     0x0001b66c       0x18 libbb/lib.a(xfuncs.o)
                0x0001b66c                utoa
 .text.itoa     0x0001b684       0x18 libbb/lib.a(xfuncs.o)
                0x0001b684                itoa
 .text.bin2hex  0x0001b69c       0x3c libbb/lib.a(xfuncs.o)
                0x0001b69c                bin2hex
 .text.hex2bin  0x0001b6d8       0x90 libbb/lib.a(xfuncs.o)
                0x0001b6d8                hex2bin
 .text.get_terminal_width_height
                0x0001b768       0xd4 libbb/lib.a(xfuncs.o)
                0x0001b768                get_terminal_width_height
 .text.safe_waitpid
                0x0001b83c       0x28 libbb/lib.a(xfuncs.o)
                0x0001b83c                safe_waitpid
 .text.wait_for_exitstatus
                0x0001b864       0x20 libbb/lib.a(xfuncs.o)
                0x0001b864                wait_for_exitstatus
 .text.bb_die_memory_exhausted
                0x0001b884        0xc libbb/lib.a(xfuncs_printf.o)
                0x0001b884                bb_die_memory_exhausted
 .text.malloc_or_warn
                0x0001b890       0x1c libbb/lib.a(xfuncs_printf.o)
                0x0001b890                malloc_or_warn
 .text.xfopen   0x0001b8ac       0x18 libbb/lib.a(xfuncs_printf.o)
                0x0001b8ac                xfopen
 .text.xopen3   0x0001b8c4       0x1c libbb/lib.a(xfuncs_printf.o)
                0x0001b8c4                xopen3
 .text.open3_or_warn
                0x0001b8e0       0x1c libbb/lib.a(xfuncs_printf.o)
                0x0001b8e0                open3_or_warn
 .text.xunlink  0x0001b8fc       0x18 libbb/lib.a(xfuncs_printf.o)
                0x0001b8fc                xunlink
 .text.xrename  0x0001b914       0x1c libbb/lib.a(xfuncs_printf.o)
                0x0001b914                xrename
 .text.rename_or_warn
                0x0001b930       0x20 libbb/lib.a(xfuncs_printf.o)
                0x0001b930                rename_or_warn
 .text.xpipe    0x0001b950       0x14 libbb/lib.a(xfuncs_printf.o)
                0x0001b950                xpipe
 .text.xdup2    0x0001b964       0x18 libbb/lib.a(xfuncs_printf.o)
                0x0001b964                xdup2
 .text.xwrite   0x0001b97c       0x28 libbb/lib.a(xfuncs_printf.o)
                0x0001b97c                xwrite
 .text.xclose   0x0001b9a4       0x14 libbb/lib.a(xfuncs_printf.o)
                0x0001b9a4                xclose
 .text.xlseek   0x0001b9b8       0x38 libbb/lib.a(xfuncs_printf.o)
                0x0001b9b8                xlseek
 .text.xmkstemp
                0x0001b9f0       0x1c libbb/lib.a(xfuncs_printf.o)
                0x0001b9f0                xmkstemp
 .text.die_if_ferror
                0x0001ba0c       0x18 libbb/lib.a(xfuncs_printf.o)
                0x0001ba0c                die_if_ferror
 .text.die_if_ferror_stdout
                0x0001ba24       0x14 libbb/lib.a(xfuncs_printf.o)
                0x0001ba24                die_if_ferror_stdout
 .text.xsetgid  0x0001ba38       0x14 libbb/lib.a(xfuncs_printf.o)
                0x0001ba38                xsetgid
 .text.xsetuid  0x0001ba4c       0x14 libbb/lib.a(xfuncs_printf.o)
                0x0001ba4c                xsetuid
 .text.xsetegid
                0x0001ba60       0x14 libbb/lib.a(xfuncs_printf.o)
                0x0001ba60                xsetegid
 .text.xseteuid
                0x0001ba74       0x14 libbb/lib.a(xfuncs_printf.o)
                0x0001ba74                xseteuid
 .text.xchdir   0x0001ba88       0x18 libbb/lib.a(xfuncs_printf.o)
                0x0001ba88                xchdir
 .text.xfchdir  0x0001baa0       0x14 libbb/lib.a(xfuncs_printf.o)
                0x0001baa0                xfchdir
 .text.xchroot  0x0001bab4       0x24 libbb/lib.a(xfuncs_printf.o)
                0x0001bab4                xchroot
 .text.warn_opendir
                0x0001bad8       0x1c libbb/lib.a(xfuncs_printf.o)
                0x0001bad8                warn_opendir
 .text.xopendir
                0x0001baf4       0x18 libbb/lib.a(xfuncs_printf.o)
                0x0001baf4                xopendir
 .text.xsocket  0x0001bb0c       0x18 libbb/lib.a(xfuncs_printf.o)
                0x0001bb0c                xsocket
 .text.xbind    0x0001bb24       0x14 libbb/lib.a(xfuncs_printf.o)
                0x0001bb24                xbind
 .text.xlisten  0x0001bb38       0x14 libbb/lib.a(xfuncs_printf.o)
                0x0001bb38                xlisten
 .text.xsendto  0x0001bb4c       0x20 libbb/lib.a(xfuncs_printf.o)
                0x0001bb4c                xsendto
 .text.xstat    0x0001bb6c       0x18 libbb/lib.a(xfuncs_printf.o)
                0x0001bb6c                xstat
 .text.ioctl_or_perror_and_die
                0x0001bb84       0x38 libbb/lib.a(xfuncs_printf.o)
                0x0001bb84                ioctl_or_perror_and_die
 .text.ioctl_or_perror
                0x0001bbbc       0x34 libbb/lib.a(xfuncs_printf.o)
                0x0001bbbc                ioctl_or_perror
 .text.generate_uuid
                0x0001bbf0       0x70 libbb/lib.a(xfuncs_printf.o)
                0x0001bbf0                generate_uuid
 .text.xfork    0x0001bc60       0x18 libbb/lib.a(xfuncs_printf.o)
                0x0001bc60                xfork
 .text.xvfork_parent_waits_and_exits
                0x0001bc78       0x3c libbb/lib.a(xfuncs_printf.o)
                0x0001bc78                xvfork_parent_waits_and_exits
 .text.xmalloc_follow_symlinks
                0x0001bcb4       0x78 libbb/lib.a(xreadlink.o)
                0x0001bcb4                xmalloc_follow_symlinks
 .text.xmalloc_readlink_or_warn
                0x0001bd2c       0x38 libbb/lib.a(xreadlink.o)
                0x0001bd2c                xmalloc_readlink_or_warn
 .text.xmalloc_realpath_coreutils
                0x0001bd64       0x60 libbb/lib.a(xreadlink.o)
                0x0001bd64                xmalloc_realpath_coreutils
 .text.bb_full_fd_action
                0x0001bdc4      0x118 libbb/lib.a(copyfd.o)
 .text.bb_copyfd_exact_size
                0x0001bedc       0x40 libbb/lib.a(copyfd.o)
                0x0001bedc                bb_copyfd_exact_size
 .text.safe_read
                0x0001bf1c       0x28 libbb/lib.a(read.o)
                0x0001bf1c                safe_read
 .text.safe_write
                0x0001bf44       0x34 libbb/lib.a(safe_write.o)
                0x0001bf44                safe_write
 .text.record_signo
                0x0001bf78        0xc libbb/lib.a(signals.o)
                0x0001bf78                record_signo
 .text.get_mono
                0x0001bf84       0x1c libbb/lib.a(time.o)
 .text.parse_datestr
                0x0001bfa0      0x318 libbb/lib.a(time.o)
                0x0001bfa0                parse_datestr
 .text.validate_tm_time
                0x0001c2b8       0x1c libbb/lib.a(time.o)
                0x0001c2b8                validate_tm_time
 .text.strftime_HHMMSS
                0x0001c2d4       0x2c libbb/lib.a(time.o)
                0x0001c2d4                strftime_HHMMSS
 .text.strftime_YYYYMMDDHHMMSS
                0x0001c300       0x2c libbb/lib.a(time.o)
                0x0001c300                strftime_YYYYMMDDHHMMSS
 .text.monotonic_us
                0x0001c32c       0x24 libbb/lib.a(time.o)
                0x0001c32c                monotonic_us
 .text.monotonic_ms
                0x0001c350       0x24 libbb/lib.a(time.o)
                0x0001c350                monotonic_ms
 .text.handle_errors.isra.0
                0x0001c374       0x38 libbb/lib.a(bb_strtonum.o)
 .text.bb_strtoull
                0x0001c3ac       0x4c libbb/lib.a(bb_strtonum.o)
                0x0001c3ac                bb_strtoull
 .text.bb_strtoll
                0x0001c3f8       0x54 libbb/lib.a(bb_strtonum.o)
                0x0001c3f8                bb_strtoll
 .text.bb_strtoul
                0x0001c44c       0x48 libbb/lib.a(bb_strtonum.o)
                0x0001c44c                bb_strtoul
 .text.bb_strtol
                0x0001c494       0x50 libbb/lib.a(bb_strtonum.o)
                0x0001c494                bb_strtol
 .text.get_S    0x0001c4e4       0x7c libpwdgrp/lib.a(pwd_grp.o)
 .text.tokenize
                0x0001c560       0x80 libpwdgrp/lib.a(pwd_grp.o)
 .text.parse_common
                0x0001c5e0       0x94 libpwdgrp/lib.a(pwd_grp.o)
 .text.convert_to_struct
                0x0001c674       0xe0 libpwdgrp/lib.a(pwd_grp.o)
 .text.massage_data_for_r_func
                0x0001c754       0x58 libpwdgrp/lib.a(pwd_grp.o)
 .text.massage_data_for_non_r_func
                0x0001c7ac       0x48 libpwdgrp/lib.a(pwd_grp.o)
 .text.getgrouplist_internal
                0x0001c7f4       0xa0 libpwdgrp/lib.a(pwd_grp.o)
 .text.bb_internal_endpwent
                0x0001c894       0x1c libpwdgrp/lib.a(pwd_grp.o)
                0x0001c894                bb_internal_endpwent
 .text.bb_internal_setpwent
                0x0001c8b0       0x14 libpwdgrp/lib.a(pwd_grp.o)
                0x0001c8b0                bb_internal_setpwent
 .text.bb_internal_endgrent
                0x0001c8c4       0x1c libpwdgrp/lib.a(pwd_grp.o)
                0x0001c8c4                bb_internal_endgrent
 .text.get_uidgid
                0x0001c8e0       0xa0 libpwdgrp/lib.a(uidgid_get.o)
                0x0001c8e0                get_uidgid
 .text.xget_uidgid
                0x0001c980       0x18 libpwdgrp/lib.a(uidgid_get.o)
                0x0001c980                xget_uidgid
 .text.parse_chown_usergroup_or_die
                0x0001c998       0x5c libpwdgrp/lib.a(uidgid_get.o)
                0x0001c998                parse_chown_usergroup_or_die
 .text.add_remove_shell_main
                0x0001c9f4       0xf4 loginutils/lib.a(add-remove-shell.o)
                0x0001c9f4                add_remove_shell_main
 .text.addgroup_main
                0x0001cae8      0x16c loginutils/lib.a(addgroup.o)
                0x0001cae8                addgroup_main
 .text.addgroup_wrapper
                0x0001cc54       0x48 loginutils/lib.a(adduser.o)
 .text.adduser_main
                0x0001cc9c      0x2ac loginutils/lib.a(adduser.o)
                0x0001cc9c                adduser_main
 .text.chpasswd_main
                0x0001cf48      0x118 loginutils/lib.a(chpasswd.o)
                0x0001cf48                chpasswd_main
 .text.cryptpw_main
                0x0001d060       0xac loginutils/lib.a(cryptpw.o)
                0x0001d060                cryptpw_main
 .text.deluser_main
                0x0001d10c      0x11c loginutils/lib.a(deluser.o)
                0x0001d10c                deluser_main
 .text.set_tty_attrs
                0x0001d228       0x20 loginutils/lib.a(getty.o)
 .text.finalize_tty_attrs
                0x0001d248       0x68 loginutils/lib.a(getty.o)
 .text.getty_main
                0x0001d2b0      0x510 loginutils/lib.a(getty.o)
                0x0001d2b0                getty_main
 .text.alarm_handler
                0x0001d7c0       0x30 loginutils/lib.a(login.o)
 .text.login_main
                0x0001d7f0      0x354 loginutils/lib.a(login.o)
                0x0001d7f0                login_main
 .text.passwd_main
                0x0001db44      0x2f0 loginutils/lib.a(passwd.o)
                0x0001db44                passwd_main
 .text.su_main  0x0001de34      0x188 loginutils/lib.a(su.o)
                0x0001de34                su_main
 .text.sulogin_main
                0x0001dfbc       0xe0 loginutils/lib.a(sulogin.o)
                0x0001dfbc                sulogin_main
 .text.release_vt
                0x0001e09c       0x18 loginutils/lib.a(vlock.o)
 .text.vlock_main
                0x0001e0b4      0x13c loginutils/lib.a(vlock.o)
                0x0001e0b4                vlock_main
 .text.makemime_main
                0x0001e1f0      0x110 mailutils/lib.a(makemime.o)
                0x0001e1f0                makemime_main
 .text.pop3_checkr
                0x0001e300       0x64 mailutils/lib.a(popmaildir.o)
 .text.popmaildir_main
                0x0001e364      0x29c mailutils/lib.a(popmaildir.o)
                0x0001e364                popmaildir_main
 .text.parse    0x0001e600      0x2ec mailutils/lib.a(reformime.o)
 .text.reformime_main
                0x0001e8ec       0x6c mailutils/lib.a(reformime.o)
                0x0001e8ec                reformime_main
 .text.smtp_checkp
                0x0001e958       0x94 mailutils/lib.a(sendmail.o)
 .text.rcptto   0x0001e9ec       0x30 mailutils/lib.a(sendmail.o)
 .text.sane_address
                0x0001ea1c       0x44 mailutils/lib.a(sendmail.o)
 .text.send_r_n
                0x0001ea60       0x2c mailutils/lib.a(sendmail.o)
 .text.sendmail_main
                0x0001ea8c      0x438 mailutils/lib.a(sendmail.o)
                0x0001ea8c                sendmail_main
 .text.signal_handler
                0x0001eec4       0x58 mailutils/lib.a(mail.o)
 .text.encode_n_base64
                0x0001ef1c       0xb8 mailutils/lib.a(mail.o)
 .text.launch_helper
                0x0001efd4       0xb4 mailutils/lib.a(mail.o)
                0x0001efd4                launch_helper
 .text.send_mail_command
                0x0001f088       0x48 mailutils/lib.a(mail.o)
                0x0001f088                send_mail_command
 .text.get_cred_or_die
                0x0001f0d0       0x68 mailutils/lib.a(mail.o)
                0x0001f0d0                get_cred_or_die
 .text.adjtimex_main
                0x0001f138      0x124 miscutils/lib.a(adjtimex.o)
                0x0001f138                adjtimex_main
 .text.xc_program_func
                0x0001f25c       0x18 miscutils/lib.a(bc.o)
 .text.bc_program_current_func
                0x0001f274       0x1c miscutils/lib.a(bc.o)
 .text.xc_program_str
                0x0001f290       0x38 miscutils/lib.a(bc.o)
 .text.xc_lex_lineComment
                0x0001f2c8       0x20 miscutils/lib.a(bc.o)
 .text.xc_lex_whitespace
                0x0001f2e8       0x28 miscutils/lib.a(bc.o)
 .text.parse_lex_by_checking_eq_sign
                0x0001f310       0x1c miscutils/lib.a(bc.o)
 .text.xc_program_reset
                0x0001f32c       0x34 miscutils/lib.a(bc.o)
 .text.rewrite_label_to_current
                0x0001f360       0x18 miscutils/lib.a(bc.o)
 .text.bc_func_init
                0x0001f378       0x48 miscutils/lib.a(bc.o)
 .text.xc_parse_create
                0x0001f3c0       0x50 miscutils/lib.a(bc.o)
 .text.xc_parse_free
                0x0001f410       0x30 miscutils/lib.a(bc.o)
 .text.bc_result_pop_and_push
                0x0001f440       0x38 miscutils/lib.a(bc.o)
 .text.xc_program_binOpRetire
                0x0001f478       0x20 miscutils/lib.a(bc.o)
 .text.xc_program_add_fn
                0x0001f498       0x20 miscutils/lib.a(bc.o)
 .text.bc_vec_pushZeroByte
                0x0001f4b8        0xc miscutils/lib.a(bc.o)
 .text.bc_array_expand
                0x0001f4c4       0x48 miscutils/lib.a(bc.o)
 .text.bc_array_init
                0x0001f50c       0x28 miscutils/lib.a(bc.o)
 .text.bc_num_ulong2num
                0x0001f534       0x3c miscutils/lib.a(bc.o)
 .text.bc_args  0x0001f570       0x7c miscutils/lib.a(bc.o)
 .text.bc_verror_msg
                0x0001f5ec       0x48 miscutils/lib.a(bc.o)
 .text.zbc_posix_error_fmt
                0x0001f634       0x44 miscutils/lib.a(bc.o)
 .text.bc_error_fmt
                0x0001f678       0x30 miscutils/lib.a(bc.o)
 .text.bc_error
                0x0001f6a8        0xc miscutils/lib.a(bc.o)
 .text.zbc_func_insert
                0x0001f6b4       0x58 miscutils/lib.a(bc.o)
 .text.bc_error_variable_is_wrong_type
                0x0001f70c        0xc miscutils/lib.a(bc.o)
 .text.zbc_num_ulong_abs
                0x0001f718       0x38 miscutils/lib.a(bc.o)
 .text.zbc_num_ulong
                0x0001f750       0x14 miscutils/lib.a(bc.o)
 .text.bc_error_stack_has_too_few_elements
                0x0001f764        0xc miscutils/lib.a(bc.o)
 .text.bad_input_byte
                0x0001f770       0x2c miscutils/lib.a(bc.o)
 .text.bc_error_bad_character
                0x0001f79c       0x18 miscutils/lib.a(bc.o)
 .text.xc_parse_pushName
                0x0001f7b4       0x30 miscutils/lib.a(bc.o)
 .text.xc_lex_name
                0x0001f7e4       0x48 miscutils/lib.a(bc.o)
 .text.zbc_num_mul
                0x0001f82c       0x2c miscutils/lib.a(bc.o)
 .text.zbc_num_sub
                0x0001f858       0x4c miscutils/lib.a(bc.o)
 .text.zbc_num_div
                0x0001f8a4       0x2c miscutils/lib.a(bc.o)
 .text.zbc_num_mod
                0x0001f8d0       0x2c miscutils/lib.a(bc.o)
 .text.zbc_num_pow
                0x0001f8fc       0x1c miscutils/lib.a(bc.o)
 .text.zbc_num_a
                0x0001f918      0x114 miscutils/lib.a(bc.o)
 .text.fflush_and_check
                0x0001fa2c       0x30 miscutils/lib.a(bc.o)
 .text.quit     0x0001fa5c       0x28 miscutils/lib.a(bc.o)
 .text.bc_error_at
                0x0001fa84       0x3c miscutils/lib.a(bc.o)
 .text.bc_error_bad_expression
                0x0001fac0        0xc miscutils/lib.a(bc.o)
 .text.bc_error_bad_token
                0x0001facc        0xc miscutils/lib.a(bc.o)
 .text.bc_num_printNewline
                0x0001fad8       0x2c miscutils/lib.a(bc.o)
 .text.bc_num_printHex
                0x0001fb04       0x44 miscutils/lib.a(bc.o)
 .text.bc_num_printDigits
                0x0001fb48       0x84 miscutils/lib.a(bc.o)
 .text.dc_num_printChar
                0x0001fbcc       0x20 miscutils/lib.a(bc.o)
 .text.xc_program_dereference.isra.0
                0x0001fbec       0x40 miscutils/lib.a(bc.o)
 .text.zbc_num_p
                0x0001fc2c      0x18c miscutils/lib.a(bc.o)
 .text.zbc_num_add
                0x0001fdb8       0x4c miscutils/lib.a(bc.o)
 .text.zbc_num_k
                0x0001fe04      0x27c miscutils/lib.a(bc.o)
 .text.zbc_num_d
                0x00020080      0x1a4 miscutils/lib.a(bc.o)
 .text.zbc_num_r
                0x00020224       0xa0 miscutils/lib.a(bc.o)
 .text.bc_program_addFunc
                0x000202c4       0x5c miscutils/lib.a(bc.o)
 .text.xc_vm_init
                0x00020320      0x1ec miscutils/lib.a(bc.o)
 .text.xc_program_search
                0x0002050c       0x74 miscutils/lib.a(bc.o)
 .text.zxc_program_num
                0x00020580      0x314 miscutils/lib.a(bc.o)
 .text.zxc_program_binOpPrep
                0x00020894       0xbc miscutils/lib.a(bc.o)
 .text.zxc_program_prep
                0x00020950       0x4c miscutils/lib.a(bc.o)
 .text.xc_program_print
                0x0002099c      0x240 miscutils/lib.a(bc.o)
 .text.zxc_program_assign
                0x00020bdc      0x168 miscutils/lib.a(bc.o)
 .text.xc_read_line
                0x00020d44      0x124 miscutils/lib.a(bc.o)
 .text.peek_inbuf
                0x00020e68       0x30 miscutils/lib.a(bc.o)
 .text.eat_inbuf
                0x00020e98       0x18 miscutils/lib.a(bc.o)
 .text.zxc_lex_number
                0x00020eb0       0xc0 miscutils/lib.a(bc.o)
 .text.xc_parse_push
                0x00020f70       0x20 miscutils/lib.a(bc.o)
 .text.bc_parse_operator
                0x00020f90       0x8c miscutils/lib.a(bc.o)
 .text.xc_parse_pushInst_and_Index
                0x0002101c       0x1c miscutils/lib.a(bc.o)
 .text.xc_parse_pushNUM
                0x00021038       0x3c miscutils/lib.a(bc.o)
 .text.zxc_program_popResultAndCopyToVar
                0x00021074      0x17c miscutils/lib.a(bc.o)
 .text.zxc_lex_next
                0x000211f0      0x520 miscutils/lib.a(bc.o)
 .text.zxc_parse_text_init
                0x00021710       0x24 miscutils/lib.a(bc.o)
 .text.zbc_parse_pushSTR
                0x00021734       0x34 miscutils/lib.a(bc.o)
 .text.zdc_parse_register
                0x00021768       0x2c miscutils/lib.a(bc.o)
 .text.zdc_parse_expr
                0x00021794      0x138 miscutils/lib.a(bc.o)
 .text.zdc_parse_exprs_until_eof
                0x000218cc       0x18 miscutils/lib.a(bc.o)
 .text.zbc_parse_expr
                0x000218e4      0x5a8 miscutils/lib.a(bc.o)
 .text.zbc_parse_name
                0x00021e8c      0x144 miscutils/lib.a(bc.o)
 .text.zbc_parse_stmt_possibly_auto
                0x00021fd0      0x4f0 miscutils/lib.a(bc.o)
 .text.zbc_parse_stmt_allow_NLINE_before
                0x000224c0       0x44 miscutils/lib.a(bc.o)
 .text.zxc_vm_process
                0x00022504     0x12f0 miscutils/lib.a(bc.o)
 .text.zxc_vm_execute_FILE
                0x000237f4       0x34 miscutils/lib.a(bc.o)
 .text.zxc_vm_exec
                0x00023828       0x80 miscutils/lib.a(bc.o)
 .text.bc_main  0x000238a8       0x50 miscutils/lib.a(bc.o)
                0x000238a8                bc_main
 .text.dc_main  0x000238f8       0xcc miscutils/lib.a(bc.o)
                0x000238f8                dc_main
 .text.beep_main
                0x000239c4       0xf4 miscutils/lib.a(beep.o)
                0x000239c4                beep_main
 .text.signal_handler
                0x00023ab8        0xc miscutils/lib.a(chat.o)
 .text.chat_main
                0x00023ac4      0x3c4 miscutils/lib.a(chat.o)
                0x00023ac4                chat_main
 .text.create_cdev_if_doesnt_exist
                0x00023e88       0x3c miscutils/lib.a(conspy.o)
 .text.start_shell_in_child
                0x00023ec4       0xac miscutils/lib.a(conspy.o)
 .text.putcsi   0x00023f70       0x24 miscutils/lib.a(conspy.o)
 .text.set_cursor
                0x00023f94       0x34 miscutils/lib.a(conspy.o)
 .text.gotoxy   0x00023fc8       0x28 miscutils/lib.a(conspy.o)
 .text.screen_char
                0x00023ff0       0xdc miscutils/lib.a(conspy.o)
 .text.screen_dump
                0x000240cc       0x94 miscutils/lib.a(conspy.o)
 .text.cleanup  0x00024160       0x4c miscutils/lib.a(conspy.o)
 .text.screen_read_close
                0x000241ac       0xc4 miscutils/lib.a(conspy.o)
 .text.conspy_main
                0x00024270      0x398 miscutils/lib.a(conspy.o)
                0x00024270                conspy_main
 .text.log8     0x00024608       0x28 miscutils/lib.a(crond.o)
 .text.reopen_logfile_to_stderr
                0x00024630       0x24 miscutils/lib.a(crond.o)
 .text.delete_cronfile
                0x00024654       0x68 miscutils/lib.a(crond.o)
 .text.ParseField
                0x000246bc      0x158 miscutils/lib.a(crond.o)
 .text.safe_setenv
                0x00024814       0x28 miscutils/lib.a(crond.o)
 .text.log7.constprop.0
                0x0002483c       0x28 miscutils/lib.a(crond.o)
 .text.log5     0x00024864       0x28 miscutils/lib.a(crond.o)
 .text.load_crontab
                0x0002488c      0x2a0 miscutils/lib.a(crond.o)
 .text.rescan_crontab_dir
                0x00024b2c       0x74 miscutils/lib.a(crond.o)
 .text.fork_job
                0x00024ba0      0x15c miscutils/lib.a(crond.o)
 .text.start_jobs
                0x00024cfc      0x104 miscutils/lib.a(crond.o)
 .text.crond_main
                0x00024e00      0x334 miscutils/lib.a(crond.o)
                0x00024e00                crond_main
 .text.edit_file
                0x00025134       0x70 miscutils/lib.a(crontab.o)
 .text.crontab_main
                0x000251a4      0x1b4 miscutils/lib.a(crontab.o)
                0x000251a4                crontab_main
 .text.devmem_main
                0x00025358      0x160 miscutils/lib.a(devmem.o)
                0x00025358                devmem_main
 .text.fb_pixel_value
                0x000254b8       0x58 miscutils/lib.a(fbsplash.o)
 .text.fb_write_pixel
                0x00025510       0x30 miscutils/lib.a(fbsplash.o)
 .text.fb_drawfullrectangle
                0x00025540       0x60 miscutils/lib.a(fbsplash.o)
 .text.fb_drawprogressbar
                0x000255a0      0x174 miscutils/lib.a(fbsplash.o)
 .text.fb_setpal
                0x00025714       0x68 miscutils/lib.a(fbsplash.o)
 .text.fbsplash_main
                0x0002577c      0x324 miscutils/lib.a(fbsplash.o)
                0x0002577c                fbsplash_main
 .text.parse_opts
                0x00025aa0       0x1c miscutils/lib.a(hdparm.o)
 .text.translate_xfermode
                0x00025abc       0x54 miscutils/lib.a(hdparm.o)
 .text.xprint_ascii
                0x00025b10       0x54 miscutils/lib.a(hdparm.o)
 .text.mode_loop
                0x00025b64       0x5c miscutils/lib.a(hdparm.o)
 .text.print_flag
                0x00025bc0       0x10 miscutils/lib.a(hdparm.o)
 .text.on_off   0x00025bd0       0x18 miscutils/lib.a(hdparm.o)
 .text.print_flag_on_off
                0x00025be8       0x1c miscutils/lib.a(hdparm.o)
 .text.print_value_on_off
                0x00025c04       0x20 miscutils/lib.a(hdparm.o)
 .text.identify
                0x00025c24      0xd7c miscutils/lib.a(hdparm.o)
 .text.identify_from_stdin
                0x000269a0       0x64 miscutils/lib.a(hdparm.o)
 .text.dump_identity
                0x00026a04      0x378 miscutils/lib.a(hdparm.o)
 .text.flush_buffer_cache
                0x00026d7c       0x4c miscutils/lib.a(hdparm.o)
 .text.do_time  0x00026dc8      0x160 miscutils/lib.a(hdparm.o)
 .text.ioctl_alt_func.constprop.0
                0x00026f28       0x30 miscutils/lib.a(hdparm.o)
 .text.bus_state_value
                0x00026f58       0x30 miscutils/lib.a(hdparm.o)
 .text.process_dev
                0x00026f88      0x9f0 miscutils/lib.a(hdparm.o)
 .text.hdparm_main
                0x00027978      0x3c0 miscutils/lib.a(hdparm.o)
                0x00027978                hdparm_main
 .text.format_line
                0x00027d38       0xc0 miscutils/lib.a(hexedit.o)
 .text.redraw_cur_line
                0x00027df8       0x50 miscutils/lib.a(hexedit.o)
 .text.redraw   0x00027e48       0xb0 miscutils/lib.a(hexedit.o)
 .text.restore_term
                0x00027ef8       0x24 miscutils/lib.a(hexedit.o)
 .text.sig_catcher
                0x00027f1c       0x24 miscutils/lib.a(hexedit.o)
 .text.remap    0x00027f40       0x7c miscutils/lib.a(hexedit.o)
 .text.move_mapping_further
                0x00027fbc       0x60 miscutils/lib.a(hexedit.o)
 .text.move_mapping_lower
                0x0002801c       0x4c miscutils/lib.a(hexedit.o)
 .text.hexedit_main
                0x00028068      0x374 miscutils/lib.a(hexedit.o)
                0x00028068                hexedit_main
 .text.i2c_bus_lookup
                0x000283dc       0x10 miscutils/lib.a(i2c_tools.o)
 .text.i2c_dev_open
                0x000283ec       0x4c miscutils/lib.a(i2c_tools.o)
 .text.check_funcs_test_end
                0x00028438       0x28 miscutils/lib.a(i2c_tools.o)
 .text.get_funcs_matrix
                0x00028460       0x10 miscutils/lib.a(i2c_tools.o)
 .text.check_read_funcs
                0x00028470       0x94 miscutils/lib.a(i2c_tools.o)
 .text.i2c_set_slave_addr
                0x00028504       0x24 miscutils/lib.a(i2c_tools.o)
 .text.confirm_or_abort
                0x00028528       0x28 miscutils/lib.a(i2c_tools.o)
 .text.confirm_action
                0x00028550       0x50 miscutils/lib.a(i2c_tools.o)
 .text.list_i2c_busses_and_exit
                0x000285a0      0x168 miscutils/lib.a(i2c_tools.o)
 .text.i2cget_main
                0x00028708      0x144 miscutils/lib.a(i2c_tools.o)
                0x00028708                i2cget_main
 .text.i2cset_main
                0x0002884c      0x3dc miscutils/lib.a(i2c_tools.o)
                0x0002884c                i2cset_main
 .text.i2cdump_main
                0x00028c28      0x474 miscutils/lib.a(i2c_tools.o)
                0x00028c28                i2cdump_main
 .text.i2cdetect_main
                0x0002909c      0x21c miscutils/lib.a(i2c_tools.o)
                0x0002909c                i2cdetect_main
 .text.i2ctransfer_main
                0x000292b8      0x224 miscutils/lib.a(i2c_tools.o)
                0x000292b8                i2ctransfer_main
 .text.at_end   0x000294dc       0x48 miscutils/lib.a(less.o)
 .text.safe_lineno
                0x00029524       0x28 miscutils/lib.a(less.o)
 .text.sigwinch_handler
                0x0002954c       0x10 miscutils/lib.a(less.o)
 .text.set_tty_cooked
                0x0002955c       0x20 miscutils/lib.a(less.o)
 .text.clear_line
                0x0002957c       0x18 miscutils/lib.a(less.o)
 .text.less_exit
                0x00029594       0x30 miscutils/lib.a(less.o)
 .text.print_statusline
                0x000295c4       0x24 miscutils/lib.a(less.o)
 .text.fill_match_lines
                0x000295e8       0x7c miscutils/lib.a(less.o)
 .text.read_lines
                0x00029664      0x280 miscutils/lib.a(less.o)
 .text.goto_lineno
                0x000298e4       0x68 miscutils/lib.a(less.o)
 .text.cap_cur_fline
                0x0002994c       0x68 miscutils/lib.a(less.o)
 .text.re_wrap  0x000299b4      0x144 miscutils/lib.a(less.o)
 .text.update_num_lines
                0x00029af8       0xa8 miscutils/lib.a(less.o)
 .text.m_status_print
                0x00029ba0       0xe0 miscutils/lib.a(less.o)
 .text.status_print
                0x00029c80       0x70 miscutils/lib.a(less.o)
 .text.buffer_print
                0x00029cf0      0x22c miscutils/lib.a(less.o)
 .text.buffer_fill_and_print
                0x00029f1c       0x98 miscutils/lib.a(less.o)
 .text.reinitialize
                0x00029fb4       0x8c miscutils/lib.a(less.o)
 .text.change_file
                0x0002a040       0x60 miscutils/lib.a(less.o)
 .text.buffer_down
                0x0002a0a0       0x40 miscutils/lib.a(less.o)
 .text.buffer_up
                0x0002a0e0       0x48 miscutils/lib.a(less.o)
 .text.buffer_to_line
                0x0002a128       0x2c miscutils/lib.a(less.o)
 .text.goto_match
                0x0002a154       0x68 miscutils/lib.a(less.o)
 .text.getch_nowait
                0x0002a1bc       0xcc miscutils/lib.a(less.o)
 .text.less_getch
                0x0002a288       0x28 miscutils/lib.a(less.o)
 .text.less_gets
                0x0002a2b0       0x7c miscutils/lib.a(less.o)
 .text.examine_file
                0x0002a32c       0x5c miscutils/lib.a(less.o)
 .text.regex_process
                0x0002a388       0xe4 miscutils/lib.a(less.o)
 .text.less_main
                0x0002a46c      0x7c0 miscutils/lib.a(less.o)
                0x0002a46c                less_main
 .text.lsscsi_main
                0x0002ac2c       0xfc miscutils/lib.a(lsscsi.o)
                0x0002ac2c                lsscsi_main
 .text.makedevs_main
                0x0002ad28      0x2a8 miscutils/lib.a(makedevs.o)
                0x0002ad28                makedevs_main
 .text.run_pipe
                0x0002afd0      0x124 miscutils/lib.a(man.o)
 .text.show_manpage
                0x0002b0f4       0x88 miscutils/lib.a(man.o)
 .text.man_main
                0x0002b17c      0x274 miscutils/lib.a(man.o)
                0x0002b17c                man_main
 .text.microcom_main
                0x0002b3f0      0x1fc miscutils/lib.a(microcom.o)
                0x0002b3f0                microcom_main
 .text.mt_main  0x0002b5ec       0xc8 miscutils/lib.a(mt.o)
                0x0002b5ec                mt_main
 .text.next_good_eraseblock
                0x0002b6b4       0x64 miscutils/lib.a(nandwrite.o)
 .text.nandwrite_main
                0x0002b718      0x334 miscutils/lib.a(nandwrite.o)
                0x0002b718                nandwrite_main
 .text.partprobe_main
                0x0002ba4c       0x4c miscutils/lib.a(partprobe.o)
                0x0002ba4c                partprobe_main
 .text.raidautorun_main
                0x0002ba98       0x24 miscutils/lib.a(raidautorun.o)
                0x0002ba98                raidautorun_main
 .text.runlevel_main
                0x0002babc       0x64 miscutils/lib.a(runlevel.o)
                0x0002babc                runlevel_main
 .text.rx_main  0x0002bb20      0x2a4 miscutils/lib.a(rx.o)
                0x0002bb20                rx_main
 .text.setfattr_main
                0x0002bdc4       0xa8 miscutils/lib.a(setfattr.o)
                0x0002bdc4                setfattr_main
 .text.serial_ctl
                0x0002be6c       0x74 miscutils/lib.a(setserial.o)
 .text.setserial_main
                0x0002bee0      0x420 miscutils/lib.a(setserial.o)
                0x0002bee0                setserial_main
 .text.strings_main
                0x0002c300      0x14c miscutils/lib.a(strings.o)
                0x0002c300                strings_main
 .text.run_command
                0x0002c44c       0x9c miscutils/lib.a(time.o)
 .text.time_main
                0x0002c4e8      0x3e8 miscutils/lib.a(time.o)
                0x0002c4e8                time_main
 .text.ts_main  0x0002c8d0      0x120 miscutils/lib.a(ts.o)
                0x0002c8d0                ts_main
 .text.ttysize_main
                0x0002c9f0       0x8c miscutils/lib.a(ttysize.o)
                0x0002c9f0                ttysize_main
 .text.get_num_from_file
                0x0002ca7c       0x50 miscutils/lib.a(ubi_tools.o)
 .text.ubi_tools_main
                0x0002cacc      0x378 miscutils/lib.a(ubi_tools.o)
                0x0002cacc                ubi_tools_main
 .text.ubirename_main
                0x0002ce44       0xb8 miscutils/lib.a(ubirename.o)
                0x0002ce44                ubirename_main
 .text.volname_main
                0x0002cefc       0x48 miscutils/lib.a(volname.o)
                0x0002cefc                volname_main
 .text.shutdown_watchdog
                0x0002cf44       0x1c miscutils/lib.a(watchdog.o)
 .text.shutdown_on_signal
                0x0002cf60       0x18 miscutils/lib.a(watchdog.o)
 .text.watchdog_main
                0x0002cf78       0xf0 miscutils/lib.a(watchdog.o)
                0x0002cf78                watchdog_main
 .text.parse_module
                0x0002d068       0xf4 modutils/lib.a(depmod.o)
 .text.xfreopen_write
                0x0002d15c       0x20 modutils/lib.a(depmod.o)
 .text.depmod_main
                0x0002d17c      0x1b8 modutils/lib.a(depmod.o)
                0x0002d17c                depmod_main
 .text.insmod_main
                0x0002d334       0x34 modutils/lib.a(insmod.o)
                0x0002d334                insmod_main
 .text.lsmod_main
                0x0002d368       0xd4 modutils/lib.a(lsmod.o)
                0x0002d368                lsmod_main
 .text.display  0x0002d43c       0x4c modutils/lib.a(modinfo.o)
 .text.modinfo  0x0002d488      0x10c modutils/lib.a(modinfo.o)
 .text.modinfo_main
                0x0002d594       0xec modutils/lib.a(modinfo.o)
                0x0002d594                modinfo_main
 .text.read_config
                0x0002d680       0x1c modutils/lib.a(modprobe.o)
 .text.gather_options_str
                0x0002d69c       0x40 modutils/lib.a(modprobe.o)
 .text.load_modules_dep
                0x0002d6dc       0xb8 modutils/lib.a(modprobe.o)
 .text.get_or_add_modentry
                0x0002d794       0x14 modutils/lib.a(modprobe.o)
 .text.add_probe
                0x0002d7a8       0x54 modutils/lib.a(modprobe.o)
 .text.config_file_action
                0x0002d7fc      0x150 modutils/lib.a(modprobe.o)
 .text.do_modprobe
                0x0002d94c      0x204 modutils/lib.a(modprobe.o)
 .text.modprobe_main
                0x0002db50      0x248 modutils/lib.a(modprobe.o)
                0x0002db50                modprobe_main
 .text.parse_cmdline_module_options
                0x0002dd98       0x7c modutils/lib.a(modutils.o)
                0x0002dd98                parse_cmdline_module_options
 .text.bb_init_module
                0x0002de14       0x7c modutils/lib.a(modutils.o)
                0x0002de14                bb_init_module
 .text.bb_delete_module
                0x0002de90       0x1c modutils/lib.a(modutils.o)
                0x0002de90                bb_delete_module
 .text.moderror
                0x0002deac       0x48 modutils/lib.a(modutils.o)
                0x0002deac                moderror
 .text.rmmod_main
                0x0002def4       0x8c modutils/lib.a(rmmod.o)
                0x0002def4                rmmod_main
 .text.arp_show
                0x0002df80      0x1dc networking/lib.a(arp.o)
 .text.arp_main
                0x0002e15c      0x408 networking/lib.a(arp.o)
                0x0002e15c                arp_main
 .text.finish   0x0002e564       0x58 networking/lib.a(arping.o)
 .text.catcher  0x0002e5bc       0xf4 networking/lib.a(arping.o)
 .text.arping_main
                0x0002e6b0      0x500 networking/lib.a(arping.o)
                0x0002e6b0                arping_main
 .text.read_file
                0x0002ebb0       0x30 networking/lib.a(brctl.o)
 .text.show_bridge
                0x0002ebe0      0x110 networking/lib.a(brctl.o)
 .text.write_uint
                0x0002ecf0       0x54 networking/lib.a(brctl.o)
 .text.dnsd_main
                0x0002ed44      0x3c8 networking/lib.a(dnsd.o)
                0x0002ed44                dnsd_main
 .text.ether_wake_main
                0x0002f10c      0x1bc networking/lib.a(ether-wake.o)
                0x0002f10c                ether_wake_main
 .text.verbose_log
                0x0002f2c8       0x20 networking/lib.a(ftpd.o)
 .text.cmdio_get_cmd_and_arg
                0x0002f2e8       0xd4 networking/lib.a(ftpd.o)
 .text.cmdio_write_ok
                0x0002f3bc       0x2c networking/lib.a(ftpd.o)
 .text.cmdio_write_error
                0x0002f3e8       0x2c networking/lib.a(ftpd.o)
 .text.cmdio_write
                0x0002f414       0x58 networking/lib.a(ftpd.o)
 .text.handle_cwd
                0x0002f46c       0x34 networking/lib.a(ftpd.o)
 .text.port_pasv_cleanup
                0x0002f4a0       0x28 networking/lib.a(ftpd.o)
 .text.get_remote_transfer_fd
                0x0002f4c8       0x50 networking/lib.a(ftpd.o)
 .text.bind_for_passive_mode
                0x0002f518       0x60 networking/lib.a(ftpd.o)
 .text.cmdio_write_raw
                0x0002f578       0x28 networking/lib.a(ftpd.o)
 .text.timeout_handler
                0x0002f5a0       0x5c networking/lib.a(ftpd.o)
 .text.port_or_pasv_was_seen
                0x0002f5fc       0x28 networking/lib.a(ftpd.o)
 .text.handle_dir_common
                0x0002f624      0x130 networking/lib.a(ftpd.o)
 .text.handle_upload_common
                0x0002f754      0x10c networking/lib.a(ftpd.o)
 .text.ftpd_main
                0x0002f860      0x774 networking/lib.a(ftpd.o)
                0x0002f860                ftpd_main
 .text.ftp_die  0x0002ffd4       0x38 networking/lib.a(ftpgetput.o)
 .text.ftpcmd   0x0003000c       0x84 networking/lib.a(ftpgetput.o)
 .text.xconnect_ftpdata
                0x00030090       0x58 networking/lib.a(ftpgetput.o)
 .text.pump_data_and_QUIT
                0x000300e8       0x48 networking/lib.a(ftpgetput.o)
 .text.ftp_receive
                0x00030130       0xf4 networking/lib.a(ftpgetput.o)
 .text.ftp_send
                0x00030224       0x48 networking/lib.a(ftpgetput.o)
 .text.ftpgetput_main
                0x0003026c      0x130 networking/lib.a(ftpgetput.o)
                0x0003026c                ftpgetput_main
 .text.do_sethostname
                0x0003039c       0x50 networking/lib.a(hostname.o)
 .text.hostname_main
                0x000303ec       0xe4 networking/lib.a(hostname.o)
                0x000303ec                hostname_main
 .text.parse_conf
                0x000304d0      0x3a4 networking/lib.a(httpd.o)
 .text.sighup_handler
                0x00030874       0x1c networking/lib.a(httpd.o)
 .text.get_line
                0x00030890       0x64 networking/lib.a(httpd.o)
 .text.log_and_exit
                0x000308f4       0x30 networking/lib.a(httpd.o)
 .text.cgi_io_loop_and_exit
                0x00030924      0x18c networking/lib.a(httpd.o)
 .text.check_user_passwd
                0x00030ab0      0x148 networking/lib.a(httpd.o)
 .text.setenv1  0x00030bf8       0x14 networking/lib.a(httpd.o)
 .text.send_file_and_exit
                0x00030c0c      0x264 networking/lib.a(httpd.o)
 .text.send_headers
                0x00030e70      0x234 networking/lib.a(httpd.o)
 .text.send_headers_and_exit
                0x000310a4       0x18 networking/lib.a(httpd.o)
 .text.if_ip_denied_send_HTTP_FORBIDDEN_and_exit
                0x000310bc       0x34 networking/lib.a(httpd.o)
 .text.send_cgi_and_exit
                0x000310f0      0x23c networking/lib.a(httpd.o)
 .text.handle_incoming_and_exit
                0x0003132c      0x630 networking/lib.a(httpd.o)
 .text.httpd_main
                0x0003195c      0x240 networking/lib.a(httpd.o)
                0x0003195c                httpd_main
 .text.ifconfig_main
                0x00031b9c      0x360 networking/lib.a(ifconfig.o)
                0x00031b9c                ifconfig_main
 .text.set_if_down
                0x00031efc       0x30 networking/lib.a(ifenslave.o)
 .text.get_drv_info
                0x00031f2c       0x84 networking/lib.a(ifenslave.o)
 .text.enslave  0x00031fb0      0x1ec networking/lib.a(ifenslave.o)
 .text.ifenslave_main
                0x0003219c      0x210 networking/lib.a(ifenslave.o)
                0x0003219c                ifenslave_main
 .text.set_ifreq_to_ifname
                0x000323ac       0x20 networking/lib.a(ifplugd.o)
 .text.network_ioctl
                0x000323cc       0x24 networking/lib.a(ifplugd.o)
 .text.detect_link_iff
                0x000323f0       0x44 networking/lib.a(ifplugd.o)
 .text.detect_link_wlan
                0x00032434       0x70 networking/lib.a(ifplugd.o)
 .text.detect_link_priv
                0x000324a4       0x4c networking/lib.a(ifplugd.o)
 .text.detect_link_mii
                0x000324f0       0x4c networking/lib.a(ifplugd.o)
 .text.detect_link_ethtool
                0x0003253c       0x3c networking/lib.a(ifplugd.o)
 .text.check_existence_through_netlink
                0x00032578      0x100 networking/lib.a(ifplugd.o)
 .text.up_iface
                0x00032678       0x78 networking/lib.a(ifplugd.o)
 .text.maybe_up_new_iface
                0x000326f0       0x28 networking/lib.a(ifplugd.o)
 .text.detect_link
                0x00032718       0xdc networking/lib.a(ifplugd.o)
 .text.run_script
                0x000327f4       0xbc networking/lib.a(ifplugd.o)
 .text.ifplugd_main
                0x000328b0      0x374 networking/lib.a(ifplugd.o)
                0x000328b0                ifplugd_main
 .text.doit     0x00032c24       0x74 networking/lib.a(ifupdown.o)
 .text.set_environ
                0x00032c98       0xe8 networking/lib.a(ifupdown.o)
 .text.execute_all
                0x00032d80       0x48 networking/lib.a(ifupdown.o)
 .text.iface_down
                0x00032dc8       0x6c networking/lib.a(ifupdown.o)
 .text.iface_up
                0x00032e34       0x6c networking/lib.a(ifupdown.o)
 .text.next_word
                0x00032ea0       0x38 networking/lib.a(ifupdown.o)
 .text.get_var  0x00032ed8       0x60 networking/lib.a(ifupdown.o)
 .text.execute  0x00032f38      0x184 networking/lib.a(ifupdown.o)
 .text.loopback_down6
                0x000330bc       0x10 networking/lib.a(ifupdown.o)
 .text.loopback_up6
                0x000330cc       0x30 networking/lib.a(ifupdown.o)
 .text.static_up6
                0x000330fc       0x40 networking/lib.a(ifupdown.o)
 .text.v4tunnel_down
                0x0003313c       0x10 networking/lib.a(ifupdown.o)
 .text.v4tunnel_up
                0x0003314c       0x50 networking/lib.a(ifupdown.o)
 .text.loopback_down
                0x0003319c       0x30 networking/lib.a(ifupdown.o)
 .text.loopback_up
                0x000331cc       0x30 networking/lib.a(ifupdown.o)
 .text.dhcp_up  0x000331fc       0x2c networking/lib.a(ifupdown.o)
 .text.bootp_up
                0x00033228       0x10 networking/lib.a(ifupdown.o)
 .text.static_up
                0x00033238       0x40 networking/lib.a(ifupdown.o)
 .text.ppp_down
                0x00033278       0x10 networking/lib.a(ifupdown.o)
 .text.ppp_up   0x00033288       0x10 networking/lib.a(ifupdown.o)
 .text.wvdial_down
                0x00033298       0x10 networking/lib.a(ifupdown.o)
 .text.wvdial_up
                0x000332a8       0x10 networking/lib.a(ifupdown.o)
 .text.static_down6
                0x000332b8       0x24 networking/lib.a(ifupdown.o)
 .text.static_down
                0x000332dc       0x3c networking/lib.a(ifupdown.o)
 .text.dhcp_down
                0x00033318       0x34 networking/lib.a(ifupdown.o)
 .text.popen2   0x0003334c       0x7c networking/lib.a(ifupdown.o)
 .text.read_iface_state
                0x000333c8       0x40 networking/lib.a(ifupdown.o)
 .text.read_interfaces
                0x00033408      0x3c4 networking/lib.a(ifupdown.o)
 .text.ifupdown_main
                0x000337cc      0x38c networking/lib.a(ifupdown.o)
                0x000337cc                ifupdown_main
 .text.remove_fd_from_set
                0x00033b58       0x3c networking/lib.a(inetd.o)
 .text.init_ring
                0x00033b94       0x20 networking/lib.a(inetd.o)
 .text.discard_dg
                0x00033bb4       0x10 networking/lib.a(inetd.o)
 .text.bump_nofile
                0x00033bc4       0x88 networking/lib.a(inetd.o)
 .text.add_fd_to_set
                0x00033c4c       0x50 networking/lib.a(inetd.o)
 .text.clean_up_and_exit
                0x00033c9c       0x34 networking/lib.a(inetd.o)
 .text.reap_child
                0x00033cd0       0x70 networking/lib.a(inetd.o)
 .text.daytime_dg
                0x00033d40       0x78 networking/lib.a(inetd.o)
 .text.daytime_stream
                0x00033db8       0x24 networking/lib.a(inetd.o)
 .text.machtime_dg
                0x00033ddc       0x68 networking/lib.a(inetd.o)
 .text.chargen_dg
                0x00033e44       0xc0 networking/lib.a(inetd.o)
 .text.chargen_stream
                0x00033f04       0x68 networking/lib.a(inetd.o)
 .text.discard_stream
                0x00033f6c       0x1c networking/lib.a(inetd.o)
 .text.echo_stream
                0x00033f88       0x24 networking/lib.a(inetd.o)
 .text.rearm_alarm
                0x00033fac       0x24 networking/lib.a(inetd.o)
 .text.prepare_socket_fd
                0x00033fd0       0x84 networking/lib.a(inetd.o)
 .text.retry_network_setup
                0x00034054       0x3c networking/lib.a(inetd.o)
 .text.machtime_stream
                0x00034090       0x28 networking/lib.a(inetd.o)
 .text.parse_one_line
                0x000340b8      0x300 networking/lib.a(inetd.o)
 .text.reread_config_file
                0x000343b8      0x280 networking/lib.a(inetd.o)
 .text.inetd_main
                0x00034638      0x5f0 networking/lib.a(inetd.o)
                0x00034638                inetd_main
 .text.UNSPEC_print
                0x00034c28       0x38 networking/lib.a(interface.o)
 .text.UNSPEC_sprint
                0x00034c60       0x1c networking/lib.a(interface.o)
 .text.INET6_sprint
                0x00034c7c       0x24 networking/lib.a(interface.o)
 .text.INET_sprint
                0x00034ca0       0x28 networking/lib.a(interface.o)
 .text.ether_print
                0x00034cc8       0x28 networking/lib.a(interface.o)
 .text.if_readlist_proc
                0x00034cf0      0x178 networking/lib.a(interface.o)
 .text.do_if_fetch
                0x00034e68      0x1d0 networking/lib.a(interface.o)
 .text.print_bytes_scaled
                0x00035038       0x68 networking/lib.a(interface.o)
 .text.get_aftype
                0x000350a0       0x20 networking/lib.a(interface.o)
                0x000350a0                get_aftype
 .text.get_hwtype
                0x000350c0       0x20 networking/lib.a(interface.o)
                0x000350c0                get_hwtype
 .text.get_hwntype
                0x000350e0       0x18 networking/lib.a(interface.o)
                0x000350e0                get_hwntype
 .text.ife_print
                0x000350f8      0x410 networking/lib.a(interface.o)
 .text.display_interfaces
                0x00035508       0xbc networking/lib.a(interface.o)
                0x00035508                display_interfaces
 .text.ipaddr_main
                0x000355c4        0xc networking/lib.a(ip.o)
                0x000355c4                ipaddr_main
 .text.iplink_main
                0x000355d0        0xc networking/lib.a(ip.o)
                0x000355d0                iplink_main
 .text.iproute_main
                0x000355dc        0xc networking/lib.a(ip.o)
                0x000355dc                iproute_main
 .text.iprule_main
                0x000355e8        0xc networking/lib.a(ip.o)
                0x000355e8                iprule_main
 .text.iptunnel_main
                0x000355f4        0xc networking/lib.a(ip.o)
                0x000355f4                iptunnel_main
 .text.ipneigh_main
                0x00035600        0xc networking/lib.a(ip.o)
                0x00035600                ipneigh_main
 .text.ip_main  0x0003560c       0x34 networking/lib.a(ip.o)
                0x0003560c                ip_main
 .text.ipcalc_main
                0x00035640      0x198 networking/lib.a(ipcalc.o)
                0x00035640                ipcalc_main
 .text.do_rd    0x000357d8       0x80 networking/lib.a(isrv_identd.o)
 .text.fakeidentd_main
                0x00035858       0xd8 networking/lib.a(isrv_identd.o)
                0x00035858                fakeidentd_main
 .text.prepend_new_eth_table
                0x00035930      0x100 networking/lib.a(nameif.o)
 .text.nameif_main
                0x00035a30      0x1c8 networking/lib.a(nameif.o)
                0x00035a30                nameif_main
 .text.nbdclient_main
                0x00035bf8      0x33c networking/lib.a(nbd-client.o)
                0x00035bf8                nbdclient_main
 .text.catch    0x00035f34       0x48 networking/lib.a(nc.o)
 .text.arm      0x00035f7c       0x1c networking/lib.a(nc.o)
 .text.tmtravel
                0x00035f98       0x18 networking/lib.a(nc.o)
 .text.connect_w_timeout
                0x00035fb0       0x4c networking/lib.a(nc.o)
 .text.doexec   0x00035ffc       0x28 networking/lib.a(nc.o)
 .text.dolisten
                0x00036024      0x290 networking/lib.a(nc.o)
 .text.oprint   0x000362b4       0xcc networking/lib.a(nc.o)
 .text.readwrite
                0x00036380      0x218 networking/lib.a(nc.o)
 .text.nc_main  0x00036598      0x334 networking/lib.a(nc.o)
                0x00036598                nc_main
 .text.unix_do_one
                0x000368cc      0x1b4 networking/lib.a(netstat.o)
 .text.build_ipv6_addr
                0x00036a80       0x3c networking/lib.a(netstat.o)
 .text.ip_port_str
                0x00036abc       0x68 networking/lib.a(netstat.o)
 .text.dir_act  0x00036b24       0x90 networking/lib.a(netstat.o)
 .text.add_to_prg_cache_if_socket
                0x00036bb4       0xb4 networking/lib.a(netstat.o)
 .text.do_info  0x00036c68       0x50 networking/lib.a(netstat.o)
 .text.scan_inet_proc_line
                0x00036cb8       0x8c networking/lib.a(netstat.o)
 .text.print_inet_line
                0x00036d44       0xd0 networking/lib.a(netstat.o)
 .text.raw_do_one
                0x00036e14       0x60 networking/lib.a(netstat.o)
 .text.udp_do_one
                0x00036e74       0x80 networking/lib.a(netstat.o)
 .text.tcp_do_one
                0x00036ef4       0x40 networking/lib.a(netstat.o)
 .text.netstat_main
                0x00036f34      0x1e4 networking/lib.a(netstat.o)
                0x00036f34                netstat_main
 .text.add_ns   0x00037118       0x34 networking/lib.a(nslookup.o)
 .text.parse_resolvconf
                0x0003714c       0xf4 networking/lib.a(nslookup.o)
 .text.add_query
                0x00037240       0x54 networking/lib.a(nslookup.o)
 .text.add_query_with_search
                0x00037294       0x5c networking/lib.a(nslookup.o)
 .text.send_queries
                0x000372f0      0x4a0 networking/lib.a(nslookup.o)
 .text.nslookup_main
                0x00037790      0x27c networking/lib.a(nslookup.o)
                0x00037790                nslookup_main
 .text.my_SQRT  0x00037a0c       0x38 networking/lib.a(ntpd.o)
 .text.reset_peer_stats
                0x00037a44       0x88 networking/lib.a(ntpd.o)
 .text.clamp_pollexp_and_set_MAXSTRAT
                0x00037acc       0x30 networking/lib.a(ntpd.o)
 .text.adjust_poll
                0x00037afc       0x7c networking/lib.a(ntpd.o)
 .text.poll_interval
                0x00037b78       0x2c networking/lib.a(ntpd.o)
 .text.resolve_peer_hostname
                0x00037ba4       0x68 networking/lib.a(ntpd.o)
 .text.add_peers
                0x00037c0c       0xa4 networking/lib.a(ntpd.o)
 .text.run_script
                0x00037cb0       0xe0 networking/lib.a(ntpd.o)
 .text.set_next.isra.0
                0x00037d90       0x20 networking/lib.a(ntpd.o)
 .text.unpack_tail
                0x00037db0       0xd4 networking/lib.a(ping.o)
 .text.print_stats_and_exit
                0x00037e84       0xc0 networking/lib.a(ping.o)
 .text.sendping_tail.constprop.1
                0x00037f44       0xc8 networking/lib.a(ping.o)
 .text.sendping4
                0x0003800c       0x54 networking/lib.a(ping.o)
 .text.sendping6
                0x00038060       0x44 networking/lib.a(ping.o)
 .text.pscan_main
                0x000380a4      0x1d0 networking/lib.a(pscan.o)
                0x000380a4                pscan_main
 .text.set_flags
                0x00038274       0x28 networking/lib.a(route.o)
 .text.INET6_displayroutes
                0x0003829c      0x15c networking/lib.a(route.o)
 .text.INET6_setroute
                0x000383f8      0x180 networking/lib.a(route.o)
 .text.INET_setroute
                0x00038578      0x288 networking/lib.a(route.o)
 .text.bb_displayroutes
                0x00038800      0x140 networking/lib.a(route.o)
                0x00038800                bb_displayroutes
 .text.route_main
                0x00038940       0xd0 networking/lib.a(route.o)
                0x00038940                route_main
 .text.tcsetattr_serial_or_warn
                0x00038a10       0x1c networking/lib.a(slattach.o)
 .text.restore_state_and_exit
                0x00038a2c       0x74 networking/lib.a(slattach.o)
 .text.slattach_main
                0x00038aa0      0x1f4 networking/lib.a(slattach.o)
                0x00038aa0                slattach_main
 .text.ssl_client_main
                0x00038c94       0x6c networking/lib.a(ssl_client.o)
                0x00038c94                ssl_client_main
 .text.print_tc_classid
                0x00038d00       0x34 networking/lib.a(tc.o)
 .text.print_qdisc
                0x00038d34      0x170 networking/lib.a(tc.o)
 .text.print_class
                0x00038ea4      0x10c networking/lib.a(tc.o)
 .text.tc_main  0x00038fb0      0x2c8 networking/lib.a(tc.o)
                0x00038fb0                tc_main
 .text.connection_status
                0x00039278       0x1c networking/lib.a(tcpudp.o)
 .text.sig_term_handler
                0x00039294       0x20 networking/lib.a(tcpudp.o)
 .text.sig_child_handler
                0x000392b4       0x78 networking/lib.a(tcpudp.o)
 .text.xsetenv_proto
                0x0003932c       0x28 networking/lib.a(tcpudp.o)
 .text.xsetenv_plain
                0x00039354       0x28 networking/lib.a(tcpudp.o)
 .text.tcpudpsvd_main
                0x0003937c      0x514 networking/lib.a(tcpudp.o)
                0x0003937c                tcpudpsvd_main
 .text.iac_flush
                0x00039890       0x24 networking/lib.a(telnet.o)
 .text.put_iac  0x000398b4       0x24 networking/lib.a(telnet.o)